[2026-05-05T10:32:49.853+0000] {taskinstance.py:1956} INFO - Dependencies all met for dep_context=non-requeueable deps ti=<TaskInstance: recommendation_pipeline.verifier_prerequis manual__2026-05-05T10:30:47.741233+00:00 [queued]>
[2026-05-05T10:32:49.863+0000] {taskinstance.py:1956} INFO - Dependencies all met for dep_context=requeueable deps ti=<TaskInstance: recommendation_pipeline.verifier_prerequis manual__2026-05-05T10:30:47.741233+00:00 [queued]>
[2026-05-05T10:32:49.864+0000] {taskinstance.py:2170} INFO - Starting attempt 2 of 2
[2026-05-05T10:32:49.881+0000] {taskinstance.py:2191} INFO - Executing <Task(PythonOperator): verifier_prerequis> on 2026-05-05 10:30:47.741233+00:00
[2026-05-05T10:32:49.888+0000] {standard_task_runner.py:60} INFO - Started process 209 to run task
[2026-05-05T10:32:49.893+0000] {standard_task_runner.py:87} INFO - Running: ['***', 'tasks', 'run', 'recommendation_pipeline', 'verifier_prerequis', 'manual__2026-05-05T10:30:47.741233+00:00', '--job-id', '3', '--raw', '--subdir', 'DAGS_FOLDER/recommendation_pipeline_dag.py', '--cfg-path', '/tmp/tmpi6f3jlbz']
[2026-05-05T10:32:49.896+0000] {standard_task_runner.py:88} INFO - Job 3: Subtask verifier_prerequis
[2026-05-05T10:32:49.966+0000] {task_command.py:423} INFO - Running <TaskInstance: recommendation_pipeline.verifier_prerequis manual__2026-05-05T10:30:47.741233+00:00 [running]> on host ae7d4869711a
[2026-05-05T10:32:50.056+0000] {taskinstance.py:2480} INFO - Exporting env vars: AIRFLOW_CTX_DAG_OWNER='personne3' AIRFLOW_CTX_DAG_ID='recommendation_pipeline' AIRFLOW_CTX_TASK_ID='verifier_prerequis' AIRFLOW_CTX_EXECUTION_DATE='2026-05-05T10:30:47.741233+00:00' AIRFLOW_CTX_TRY_NUMBER='2' AIRFLOW_CTX_DAG_RUN_ID='manual__2026-05-05T10:30:47.741233+00:00'
[2026-05-05T10:32:50.058+0000] {logging_mixin.py:188} INFO - ============================================================
[2026-05-05T10:32:50.058+0000] {logging_mixin.py:188} INFO - 🔍 VÉRIFICATION DES PRÉREQUIS
[2026-05-05T10:32:50.059+0000] {logging_mixin.py:188} INFO - ============================================================
[2026-05-05T10:32:50.061+0000] {logging_mixin.py:188} INFO -   ✅ Dataset CSV trouvé
[2026-05-05T10:32:50.063+0000] {logging_mixin.py:188} INFO -   ❌ Données nettoyées MANQUANT → /opt/***/project/data/cleaned_reviews.parquet
[2026-05-05T10:32:50.066+0000] {logging_mixin.py:188} INFO -   ✅ Modèle ALS trouvé
[2026-05-05T10:32:50.068+0000] {logging_mixin.py:188} INFO -   ✅ Script Kafka trouvé
[2026-05-05T10:32:50.070+0000] {logging_mixin.py:188} INFO -   ✅ Script Streaming trouvé
[2026-05-05T10:32:50.070+0000] {taskinstance.py:2698} ERROR - Task failed with exception
Traceback (most recent call last):
  File "/home/airflow/.local/lib/python3.8/site-packages/airflow/models/taskinstance.py", line 433, in _execute_task
    result = execute_callable(context=context, **execute_callable_kwargs)
  File "/home/airflow/.local/lib/python3.8/site-packages/airflow/operators/python.py", line 199, in execute
    return_value = self.execute_callable()
  File "/home/airflow/.local/lib/python3.8/site-packages/airflow/operators/python.py", line 216, in execute_callable
    return self.python_callable(*self.op_args, **self.op_kwargs)
  File "/opt/airflow/dags/recommendation_pipeline_dag.py", line 87, in verifier_prerequis
    raise FileNotFoundError(
FileNotFoundError: ❌ Des fichiers requis sont manquants. Assure-toi que les Personnes 1 et 2 ont bien livré leur travail.
[2026-05-05T10:32:50.083+0000] {taskinstance.py:1138} INFO - Marking task as FAILED. dag_id=recommendation_pipeline, task_id=verifier_prerequis, execution_date=20260505T103047, start_date=20260505T103249, end_date=20260505T103250
[2026-05-05T10:32:50.096+0000] {standard_task_runner.py:107} ERROR - Failed to execute job 3 for task verifier_prerequis (❌ Des fichiers requis sont manquants. Assure-toi que les Personnes 1 et 2 ont bien livré leur travail.; 209)
[2026-05-05T10:32:50.114+0000] {local_task_job_runner.py:234} INFO - Task exited with return code 1
[2026-05-05T10:32:50.140+0000] {taskinstance.py:3280} INFO - 0 downstream tasks scheduled from follow-on schedule check
