[2026-05-05T11:17:20.074+0000] {taskinstance.py:1956} INFO - Dependencies all met for dep_context=non-requeueable deps ti=<TaskInstance: recommendation_pipeline.start_kafka_producer manual__2026-05-05T11:17:15.302424+00:00 [queued]>
[2026-05-05T11:17:20.122+0000] {taskinstance.py:1956} INFO - Dependencies all met for dep_context=requeueable deps ti=<TaskInstance: recommendation_pipeline.start_kafka_producer manual__2026-05-05T11:17:15.302424+00:00 [queued]>
[2026-05-05T11:17:20.126+0000] {taskinstance.py:2170} INFO - Starting attempt 1 of 2
[2026-05-05T11:17:20.198+0000] {taskinstance.py:2191} INFO - Executing <Task(BashOperator): start_kafka_producer> on 2026-05-05 11:17:15.302424+00:00
[2026-05-05T11:17:20.217+0000] {standard_task_runner.py:60} INFO - Started process 194 to run task
[2026-05-05T11:17:20.233+0000] {standard_task_runner.py:87} INFO - Running: ['***', 'tasks', 'run', 'recommendation_pipeline', 'start_kafka_producer', 'manual__2026-05-05T11:17:15.302424+00:00', '--job-id', '6', '--raw', '--subdir', 'DAGS_FOLDER/recommendation_pipeline_dag.py', '--cfg-path', '/tmp/tmpnddg5nqu']
[2026-05-05T11:17:20.246+0000] {standard_task_runner.py:88} INFO - Job 6: Subtask start_kafka_producer
[2026-05-05T11:17:20.544+0000] {task_command.py:423} INFO - Running <TaskInstance: recommendation_pipeline.start_kafka_producer manual__2026-05-05T11:17:15.302424+00:00 [running]> on host ae7d4869711a
[2026-05-05T11:17:20.800+0000] {taskinstance.py:2480} INFO - Exporting env vars: AIRFLOW_CTX_DAG_OWNER='personne3' AIRFLOW_CTX_DAG_ID='recommendation_pipeline' AIRFLOW_CTX_TASK_ID='start_kafka_producer' AIRFLOW_CTX_EXECUTION_DATE='2026-05-05T11:17:15.302424+00:00' AIRFLOW_CTX_TRY_NUMBER='1' AIRFLOW_CTX_DAG_RUN_ID='manual__2026-05-05T11:17:15.302424+00:00'
[2026-05-05T11:17:20.806+0000] {subprocess.py:63} INFO - Tmp dir root location: /tmp
[2026-05-05T11:17:20.812+0000] {subprocess.py:75} INFO - Running command: ['/usr/bin/bash', '-c', '\n        echo "TACHE 1 — Demarrage Kafka Producer"\n        echo "Broker : localhost:9092"\n        echo "Topic  : reviews_stream"\n\n        cd /opt/***/project\n\n        pip install kafka-python pandas --quiet 2>/dev/null || true\n\n        if [ ! -f "data/Reviews.csv" ]; then\n            echo "ERREUR : data/Reviews.csv introuvable"\n            exit 1\n        fi\n\n        echo "Dataset trouve : data/Reviews.csv"\n        echo "Lancement du producer en arriere-plan..."\n\n        nohup python kafka/producer.py > /tmp/kafka_producer.log 2>&1 &\n        PRODUCER_PID=$!\n        echo $PRODUCER_PID > /tmp/kafka_producer.pid\n\n        echo "Producer lance (PID: $PRODUCER_PID)"\n        sleep 8\n\n        if kill -0 $PRODUCER_PID 2>/dev/null; then\n            echo "Producer actif — messages en cours d envoi"\n            tail -5 /tmp/kafka_producer.log\n        else\n            echo "ERREUR : Le producer s est arrete"\n            cat /tmp/kafka_producer.log\n            exit 1\n        fi\n    ']
[2026-05-05T11:17:20.846+0000] {subprocess.py:86} INFO - Output:
[2026-05-05T11:17:20.869+0000] {subprocess.py:93} INFO - TACHE 1 — Demarrage Kafka Producer
[2026-05-05T11:17:20.872+0000] {subprocess.py:93} INFO - Broker : localhost:9092
[2026-05-05T11:17:20.873+0000] {subprocess.py:93} INFO - Topic  : reviews_stream
[2026-05-05T11:17:31.421+0000] {subprocess.py:93} INFO - Dataset trouve : data/Reviews.csv
[2026-05-05T11:17:31.423+0000] {subprocess.py:93} INFO - Lancement du producer en arriere-plan...
[2026-05-05T11:17:31.424+0000] {subprocess.py:93} INFO - Producer lance (PID: 214)
[2026-05-05T11:17:36.708+0000] {subprocess.py:93} INFO - Producer actif — messages en cours d envoi
[2026-05-05T11:17:36.728+0000] {subprocess.py:97} INFO - Command exited with return code 0
[2026-05-05T11:17:36.868+0000] {taskinstance.py:1138} INFO - Marking task as SUCCESS. dag_id=recommendation_pipeline, task_id=start_kafka_producer, execution_date=20260505T111715, start_date=20260505T111720, end_date=20260505T111736
[2026-05-05T11:17:37.002+0000] {local_task_job_runner.py:234} INFO - Task exited with return code 0
[2026-05-05T11:17:37.136+0000] {taskinstance.py:3280} INFO - 0 downstream tasks scheduled from follow-on schedule check
