[2026-05-05T21:23:29.950+0000] {taskinstance.py:1956} INFO - Dependencies all met for dep_context=non-requeueable deps ti=<TaskInstance: recommendation_pipeline.generate_recommendations manual__2026-05-05T21:22:58.227182+00:00 [queued]>
[2026-05-05T21:23:29.965+0000] {taskinstance.py:1956} INFO - Dependencies all met for dep_context=requeueable deps ti=<TaskInstance: recommendation_pipeline.generate_recommendations manual__2026-05-05T21:22:58.227182+00:00 [queued]>
[2026-05-05T21:23:29.966+0000] {taskinstance.py:2170} INFO - Starting attempt 1 of 2
[2026-05-05T21:23:29.994+0000] {taskinstance.py:2191} INFO - Executing <Task(BashOperator): generate_recommendations> on 2026-05-05 21:22:58.227182+00:00
[2026-05-05T21:23:30.001+0000] {standard_task_runner.py:60} INFO - Started process 675 to run task
[2026-05-05T21:23:30.005+0000] {standard_task_runner.py:87} INFO - Running: ['***', 'tasks', 'run', 'recommendation_pipeline', 'generate_recommendations', 'manual__2026-05-05T21:22:58.227182+00:00', '--job-id', '48', '--raw', '--subdir', 'DAGS_FOLDER/recommendation_pipeline_dag.py', '--cfg-path', '/tmp/tmpubg2esq6']
[2026-05-05T21:23:30.008+0000] {standard_task_runner.py:88} INFO - Job 48: Subtask generate_recommendations
[2026-05-05T21:23:30.077+0000] {task_command.py:423} INFO - Running <TaskInstance: recommendation_pipeline.generate_recommendations manual__2026-05-05T21:22:58.227182+00:00 [running]> on host 54f34fcc45b9
[2026-05-05T21:23:30.379+0000] {taskinstance.py:2480} INFO - Exporting env vars: AIRFLOW_CTX_DAG_OWNER='personne3' AIRFLOW_CTX_DAG_ID='recommendation_pipeline' AIRFLOW_CTX_TASK_ID='generate_recommendations' AIRFLOW_CTX_EXECUTION_DATE='2026-05-05T21:22:58.227182+00:00' AIRFLOW_CTX_TRY_NUMBER='1' AIRFLOW_CTX_DAG_RUN_ID='manual__2026-05-05T21:22:58.227182+00:00'
[2026-05-05T21:23:30.386+0000] {subprocess.py:63} INFO - Tmp dir root location: /tmp
[2026-05-05T21:23:30.390+0000] {subprocess.py:75} INFO - Running command: ['/usr/bin/bash', '-c', '\n        echo "TACHE 2 : Spark Streaming + ALS"\n\n        KAFKA_IP=$(getent hosts kafka 2>/dev/null | awk \'{print $1}\')\n        if [ -z "$KAFKA_IP" ]; then\n            KAFKA_IP="host.docker.internal"\n        fi\n        KAFKA_BROKER="${KAFKA_IP}:9092"\n        echo "Broker : $KAFKA_BROKER"\n\n        cd /opt/***/project\n\n        export JAVA_HOME="/usr/lib/jvm/temurin-11-jdk-amd64"\n        export PATH="$JAVA_HOME/bin:$PATH"\n        export JAVA_TOOL_OPTIONS=""\n        export PYSPARK_PYTHON="python3"\n\n        echo "Java version :"\n        java -version 2>&1\n\n        mkdir -p output/recommendations\n        mkdir -p checkpoints/streaming\n\n        echo "Lancement du streaming (120 secondes)..."\n        KAFKA_BROKER=$KAFKA_BROKER timeout 150 python3 /tmp/etape3_fixed.py             > /tmp/spark_streaming.log 2>&1 || true\n\n        echo "Streaming termine."\n        NB=$(find output/recommendations -name "*.json" 2>/dev/null | wc -l)\n        echo "Fichiers JSON generes : $NB"\n\n        if [ "$NB" -gt "0" ]; then\n            echo "SUCCES : Recommandations generees !"\n            find output/recommendations -name "*.json" | head -2 | while read f; do\n                echo "Fichier : $f"\n                head -3 "$f"\n            done\n        else\n            echo "Aucun fichier JSON trouve."\n            echo "--- Fin du log Spark ---"\n            tail -20 /tmp/spark_streaming.log\n        fi\n    ']
[2026-05-05T21:23:30.428+0000] {subprocess.py:86} INFO - Output:
[2026-05-05T21:23:30.436+0000] {subprocess.py:93} INFO - TACHE 2 : Spark Streaming + ALS
[2026-05-05T21:23:30.454+0000] {subprocess.py:93} INFO - Broker : 172.20.0.3:9092
[2026-05-05T21:23:30.457+0000] {subprocess.py:93} INFO - Java version :
[2026-05-05T21:23:30.488+0000] {subprocess.py:93} INFO - Picked up JAVA_TOOL_OPTIONS:
[2026-05-05T21:23:30.812+0000] {subprocess.py:93} INFO - openjdk version "11.0.31" 2026-04-21
[2026-05-05T21:23:30.817+0000] {subprocess.py:93} INFO - OpenJDK Runtime Environment Temurin-11.0.31+11 (build 11.0.31+11)
[2026-05-05T21:23:30.821+0000] {subprocess.py:93} INFO - OpenJDK 64-Bit Server VM Temurin-11.0.31+11 (build 11.0.31+11, mixed mode)
[2026-05-05T21:23:30.896+0000] {subprocess.py:93} INFO - Lancement du streaming (120 secondes)...
[2026-05-05T21:23:44.786+0000] {subprocess.py:93} INFO - Streaming termine.
[2026-05-05T21:23:44.803+0000] {subprocess.py:93} INFO - Fichiers JSON generes : 0
[2026-05-05T21:23:44.804+0000] {subprocess.py:93} INFO - Aucun fichier JSON trouve.
[2026-05-05T21:23:44.806+0000] {subprocess.py:93} INFO - --- Fin du log Spark ---
[2026-05-05T21:23:44.808+0000] {subprocess.py:93} INFO - 	0 artifacts copied, 11 already retrieved (0kB/12ms)
[2026-05-05T21:23:44.810+0000] {subprocess.py:93} INFO - 26/05/05 21:23:34 WARN NativeCodeLoader: Unable to load native-hadoop library for your platform... using builtin-java classes where applicable
[2026-05-05T21:23:44.811+0000] {subprocess.py:93} INFO - Setting default log level to "WARN".
[2026-05-05T21:23:44.813+0000] {subprocess.py:93} INFO - To adjust logging level use sc.setLogLevel(newLevel). For SparkR, use setLogLevel(newLevel).
[2026-05-05T21:23:44.815+0000] {subprocess.py:93} INFO - Kafka broker : 172.20.0.3:9092
[2026-05-05T21:23:44.817+0000] {subprocess.py:93} INFO - Demarrage Spark...
[2026-05-05T21:23:44.818+0000] {subprocess.py:93} INFO - Spark demarre !
[2026-05-05T21:23:44.819+0000] {subprocess.py:93} INFO - Chargement du modele ALS...
[2026-05-05T21:23:44.820+0000] {subprocess.py:93} INFO - Traceback (most recent call last):
[2026-05-05T21:23:44.826+0000] {subprocess.py:93} INFO -   File "/tmp/etape3_fixed.py", line 23, in <module>
[2026-05-05T21:23:44.827+0000] {subprocess.py:93} INFO -     model = ALSModel.load(PROJECT_PATH + "/als_model/")
[2026-05-05T21:23:44.829+0000] {subprocess.py:93} INFO -   File "/home/***/.local/lib/python3.8/site-packages/pyspark/ml/util.py", line 353, in load
[2026-05-05T21:23:44.830+0000] {subprocess.py:93} INFO -     return cls.read().load(path)
[2026-05-05T21:23:44.831+0000] {subprocess.py:93} INFO -   File "/home/***/.local/lib/python3.8/site-packages/pyspark/ml/util.py", line 302, in load
[2026-05-05T21:23:44.832+0000] {subprocess.py:93} INFO -     java_obj = self._jread.load(path)
[2026-05-05T21:23:44.834+0000] {subprocess.py:93} INFO -   File "/home/***/.local/lib/python3.8/site-packages/py4j/java_gateway.py", line 1322, in __call__
[2026-05-05T21:23:44.836+0000] {subprocess.py:93} INFO -     return_value = get_return_value(
[2026-05-05T21:23:44.837+0000] {subprocess.py:93} INFO -   File "/home/***/.local/lib/python3.8/site-packages/pyspark/errors/exceptions/captured.py", line 175, in deco
[2026-05-05T21:23:44.839+0000] {subprocess.py:93} INFO -     raise converted from None
[2026-05-05T21:23:44.840+0000] {subprocess.py:93} INFO - pyspark.errors.exceptions.captured.AnalysisException: [UNABLE_TO_INFER_SCHEMA] Unable to infer schema for Parquet. It must be specified manually.
[2026-05-05T21:23:44.841+0000] {subprocess.py:97} INFO - Command exited with return code 0
[2026-05-05T21:23:44.895+0000] {taskinstance.py:1138} INFO - Marking task as SUCCESS. dag_id=recommendation_pipeline, task_id=generate_recommendations, execution_date=20260505T212258, start_date=20260505T212329, end_date=20260505T212344
[2026-05-05T21:23:44.953+0000] {local_task_job_runner.py:234} INFO - Task exited with return code 0
[2026-05-05T21:23:44.983+0000] {taskinstance.py:3280} INFO - 1 downstream tasks scheduled from follow-on schedule check
