[2026-05-05T22:00:07.713+0000] {taskinstance.py:1956} INFO - Dependencies all met for dep_context=non-requeueable deps ti=<TaskInstance: recommendation_pipeline.start_kafka_producer manual__2026-05-05T21:57:42.267673+00:00 [queued]>
[2026-05-05T22:00:07.727+0000] {taskinstance.py:1956} INFO - Dependencies all met for dep_context=requeueable deps ti=<TaskInstance: recommendation_pipeline.start_kafka_producer manual__2026-05-05T21:57:42.267673+00:00 [queued]>
[2026-05-05T22:00:07.727+0000] {taskinstance.py:2170} INFO - Starting attempt 2 of 2
[2026-05-05T22:00:07.744+0000] {taskinstance.py:2191} INFO - Executing <Task(BashOperator): start_kafka_producer> on 2026-05-05 21:57:42.267673+00:00
[2026-05-05T22:00:07.751+0000] {standard_task_runner.py:60} INFO - Started process 238 to run task
[2026-05-05T22:00:07.755+0000] {standard_task_runner.py:87} INFO - Running: ['***', 'tasks', 'run', 'recommendation_pipeline', 'start_kafka_producer', 'manual__2026-05-05T21:57:42.267673+00:00', '--job-id', '66', '--raw', '--subdir', 'DAGS_FOLDER/recommendation_pipeline_dag.py', '--cfg-path', '/tmp/tmpzqoxpg_r']
[2026-05-05T22:00:07.757+0000] {standard_task_runner.py:88} INFO - Job 66: Subtask start_kafka_producer
[2026-05-05T22:00:07.812+0000] {task_command.py:423} INFO - Running <TaskInstance: recommendation_pipeline.start_kafka_producer manual__2026-05-05T21:57:42.267673+00:00 [running]> on host 54f34fcc45b9
[2026-05-05T22:00:07.909+0000] {taskinstance.py:2480} INFO - Exporting env vars: AIRFLOW_CTX_DAG_OWNER='personne3' AIRFLOW_CTX_DAG_ID='recommendation_pipeline' AIRFLOW_CTX_TASK_ID='start_kafka_producer' AIRFLOW_CTX_EXECUTION_DATE='2026-05-05T21:57:42.267673+00:00' AIRFLOW_CTX_TRY_NUMBER='2' AIRFLOW_CTX_DAG_RUN_ID='manual__2026-05-05T21:57:42.267673+00:00'
[2026-05-05T22:00:07.911+0000] {subprocess.py:63} INFO - Tmp dir root location: /tmp
[2026-05-05T22:00:07.912+0000] {subprocess.py:75} INFO - Running command: ['/usr/bin/bash', '-c', '\n        echo "TACHE 1 : Demarrage Kafka Producer"\n        echo "Broker : kafka:9093"\n\n        cd /opt/***/project\n        pip install kafka-python pandas --quiet 2>/dev/null || true\n\n        if [ ! -f "data/Reviews.csv" ]; then\n            echo "ERREUR : data/Reviews.csv introuvable"\n            exit 1\n        fi\n        echo "Dataset OK."\n\n        echo "Lancement du producer en arriere-plan..."\n        KAFKA_BROKER=kafka:9093 nohup python3 /tmp/run_producer.py             > /tmp/kafka_producer.log 2>&1 &\n        PRODUCER_PID=$!\n        echo $PRODUCER_PID > /tmp/kafka_producer.pid\n        echo "Producer lance (PID: $PRODUCER_PID)"\n\n        sleep 15\n\n        if kill -0 $PRODUCER_PID 2>/dev/null; then\n            echo "Producer actif !"\n            cat /tmp/kafka_producer.log\n        else\n            echo "ERREUR : Le producer s est arrete"\n            cat /tmp/kafka_producer.log\n            exit 1\n        fi\n    ']
[2026-05-05T22:00:07.923+0000] {subprocess.py:86} INFO - Output:
[2026-05-05T22:00:07.925+0000] {subprocess.py:93} INFO - TACHE 1 : Demarrage Kafka Producer
[2026-05-05T22:00:07.925+0000] {subprocess.py:93} INFO - Broker : kafka:9093
[2026-05-05T22:00:12.687+0000] {subprocess.py:93} INFO - Dataset OK.
[2026-05-05T22:00:12.688+0000] {subprocess.py:93} INFO - Lancement du producer en arriere-plan...
[2026-05-05T22:00:12.688+0000] {subprocess.py:93} INFO - Producer lance (PID: 258)
[2026-05-05T22:00:27.691+0000] {subprocess.py:93} INFO - ERREUR : Le producer s est arrete
[2026-05-05T22:00:27.694+0000] {subprocess.py:93} INFO - Connexion a Kafka : kafka:9093
[2026-05-05T22:00:27.695+0000] {subprocess.py:93} INFO - Traceback (most recent call last):
[2026-05-05T22:00:27.695+0000] {subprocess.py:93} INFO -   File "/tmp/run_producer.py", line 11, in <module>
[2026-05-05T22:00:27.696+0000] {subprocess.py:93} INFO -     producer = KafkaProducer(
[2026-05-05T22:00:27.696+0000] {subprocess.py:93} INFO -   File "/home/***/.local/lib/python3.8/site-packages/kafka/producer/kafka.py", line 485, in __init__
[2026-05-05T22:00:27.697+0000] {subprocess.py:93} INFO -     client = self.config['kafka_client'](
[2026-05-05T22:00:27.698+0000] {subprocess.py:93} INFO -   File "/home/***/.local/lib/python3.8/site-packages/kafka/client_async.py", line 262, in __init__
[2026-05-05T22:00:27.698+0000] {subprocess.py:93} INFO -     self.config['api_version'] = self.check_version()
[2026-05-05T22:00:27.699+0000] {subprocess.py:93} INFO -   File "/home/***/.local/lib/python3.8/site-packages/kafka/client_async.py", line 1076, in check_version
[2026-05-05T22:00:27.699+0000] {subprocess.py:93} INFO -     raise Errors.NoBrokersAvailable()
[2026-05-05T22:00:27.700+0000] {subprocess.py:93} INFO - kafka.errors.NoBrokersAvailable: NoBrokersAvailable
[2026-05-05T22:00:27.700+0000] {subprocess.py:97} INFO - Command exited with return code 1
[2026-05-05T22:00:27.713+0000] {taskinstance.py:2698} ERROR - Task failed with exception
Traceback (most recent call last):
  File "/home/airflow/.local/lib/python3.8/site-packages/airflow/models/taskinstance.py", line 433, in _execute_task
    result = execute_callable(context=context, **execute_callable_kwargs)
  File "/home/airflow/.local/lib/python3.8/site-packages/airflow/operators/bash.py", line 212, in execute
    raise AirflowException(
airflow.exceptions.AirflowException: Bash command failed. The command returned a non-zero exit code 1.
[2026-05-05T22:00:27.717+0000] {taskinstance.py:1138} INFO - Marking task as FAILED. dag_id=recommendation_pipeline, task_id=start_kafka_producer, execution_date=20260505T215742, start_date=20260505T220007, end_date=20260505T220027
[2026-05-05T22:00:27.737+0000] {standard_task_runner.py:107} ERROR - Failed to execute job 66 for task start_kafka_producer (Bash command failed. The command returned a non-zero exit code 1.; 238)
[2026-05-05T22:00:27.759+0000] {local_task_job_runner.py:234} INFO - Task exited with return code 1
[2026-05-05T22:00:27.783+0000] {taskinstance.py:3280} INFO - 0 downstream tasks scheduled from follow-on schedule check
