[2026-05-05T12:46:56.761+0000] {taskinstance.py:1956} INFO - Dependencies all met for dep_context=non-requeueable deps ti=<TaskInstance: recommendation_pipeline.verifier_prerequis manual__2026-05-05T12:46:54.222498+00:00 [queued]>
[2026-05-05T12:46:56.779+0000] {taskinstance.py:1956} INFO - Dependencies all met for dep_context=requeueable deps ti=<TaskInstance: recommendation_pipeline.verifier_prerequis manual__2026-05-05T12:46:54.222498+00:00 [queued]>
[2026-05-05T12:46:56.782+0000] {taskinstance.py:2170} INFO - Starting attempt 1 of 2
[2026-05-05T12:46:56.810+0000] {taskinstance.py:2191} INFO - Executing <Task(PythonOperator): verifier_prerequis> on 2026-05-05 12:46:54.222498+00:00
[2026-05-05T12:46:56.815+0000] {standard_task_runner.py:60} INFO - Started process 197 to run task
[2026-05-05T12:46:56.822+0000] {standard_task_runner.py:87} INFO - Running: ['***', 'tasks', 'run', 'recommendation_pipeline', 'verifier_prerequis', 'manual__2026-05-05T12:46:54.222498+00:00', '--job-id', '18', '--raw', '--subdir', 'DAGS_FOLDER/recommendation_pipeline_dag.py', '--cfg-path', '/tmp/tmpm17uuixa']
[2026-05-05T12:46:56.828+0000] {standard_task_runner.py:88} INFO - Job 18: Subtask verifier_prerequis
[2026-05-05T12:46:56.926+0000] {task_command.py:423} INFO - Running <TaskInstance: recommendation_pipeline.verifier_prerequis manual__2026-05-05T12:46:54.222498+00:00 [running]> on host 2946274425f0
[2026-05-05T12:46:57.213+0000] {taskinstance.py:2480} INFO - Exporting env vars: AIRFLOW_CTX_DAG_OWNER='personne3' AIRFLOW_CTX_DAG_ID='recommendation_pipeline' AIRFLOW_CTX_TASK_ID='verifier_prerequis' AIRFLOW_CTX_EXECUTION_DATE='2026-05-05T12:46:54.222498+00:00' AIRFLOW_CTX_TRY_NUMBER='1' AIRFLOW_CTX_DAG_RUN_ID='manual__2026-05-05T12:46:54.222498+00:00'
[2026-05-05T12:46:57.221+0000] {logging_mixin.py:188} INFO - ============================================================
[2026-05-05T12:46:57.223+0000] {logging_mixin.py:188} INFO - VERIFICATION DES PREREQUIS
[2026-05-05T12:46:57.226+0000] {logging_mixin.py:188} INFO - ============================================================
[2026-05-05T12:46:57.243+0000] {logging_mixin.py:188} INFO -   OK : Dataset CSV
[2026-05-05T12:46:57.260+0000] {logging_mixin.py:188} INFO -   OK : Modele ALS
[2026-05-05T12:46:57.272+0000] {logging_mixin.py:188} INFO -   OK : Script Kafka
[2026-05-05T12:46:57.281+0000] {logging_mixin.py:188} INFO -   OK : Script Streaming
[2026-05-05T12:46:57.293+0000] {logging_mixin.py:188} INFO -   OK : Donnees parquet
[2026-05-05T12:46:57.302+0000] {logging_mixin.py:188} INFO - 
RESULTATS DU MODELE :
[2026-05-05T12:46:57.322+0000] {logging_mixin.py:188} INFO - Meilleure config : {'rank': 20, 'regParam': 0.2, 'maxIter': 15}
RMSE validation  : 0.8114
RMSE test final  : 0.8334
[2026-05-05T12:46:57.328+0000] {logging_mixin.py:188} INFO - Tous les prerequis sont OK.
[2026-05-05T12:46:57.330+0000] {python.py:201} INFO - Done. Returned value was: None
[2026-05-05T12:46:57.379+0000] {taskinstance.py:1138} INFO - Marking task as SUCCESS. dag_id=recommendation_pipeline, task_id=verifier_prerequis, execution_date=20260505T124654, start_date=20260505T124656, end_date=20260505T124657
[2026-05-05T12:46:57.495+0000] {local_task_job_runner.py:234} INFO - Task exited with return code 0
[2026-05-05T12:46:57.636+0000] {taskinstance.py:3280} INFO - 1 downstream tasks scheduled from follow-on schedule check
