[2026-05-05T22:12:57.165+0000] {taskinstance.py:1956} INFO - Dependencies all met for dep_context=non-requeueable deps ti=<TaskInstance: recommendation_pipeline.monitoring_pipeline manual__2026-05-05T22:10:33.804142+00:00 [queued]>
[2026-05-05T22:12:57.174+0000] {taskinstance.py:1956} INFO - Dependencies all met for dep_context=requeueable deps ti=<TaskInstance: recommendation_pipeline.monitoring_pipeline manual__2026-05-05T22:10:33.804142+00:00 [queued]>
[2026-05-05T22:12:57.175+0000] {taskinstance.py:2170} INFO - Starting attempt 1 of 2
[2026-05-05T22:12:57.191+0000] {taskinstance.py:2191} INFO - Executing <Task(PythonOperator): monitoring_pipeline> on 2026-05-05 22:10:33.804142+00:00
[2026-05-05T22:12:57.197+0000] {standard_task_runner.py:60} INFO - Started process 1900 to run task
[2026-05-05T22:12:57.200+0000] {standard_task_runner.py:87} INFO - Running: ['***', 'tasks', 'run', 'recommendation_pipeline', 'monitoring_pipeline', 'manual__2026-05-05T22:10:33.804142+00:00', '--job-id', '75', '--raw', '--subdir', 'DAGS_FOLDER/recommendation_pipeline_dag.py', '--cfg-path', '/tmp/tmpzy6c5fg1']
[2026-05-05T22:12:57.203+0000] {standard_task_runner.py:88} INFO - Job 75: Subtask monitoring_pipeline
[2026-05-05T22:12:57.252+0000] {task_command.py:423} INFO - Running <TaskInstance: recommendation_pipeline.monitoring_pipeline manual__2026-05-05T22:10:33.804142+00:00 [running]> on host 54f34fcc45b9
[2026-05-05T22:12:57.340+0000] {taskinstance.py:2480} INFO - Exporting env vars: AIRFLOW_CTX_DAG_OWNER='personne3' AIRFLOW_CTX_DAG_ID='recommendation_pipeline' AIRFLOW_CTX_TASK_ID='monitoring_pipeline' AIRFLOW_CTX_EXECUTION_DATE='2026-05-05T22:10:33.804142+00:00' AIRFLOW_CTX_TRY_NUMBER='1' AIRFLOW_CTX_DAG_RUN_ID='manual__2026-05-05T22:10:33.804142+00:00'
[2026-05-05T22:12:57.341+0000] {logging_mixin.py:188} INFO - ============================================================
[2026-05-05T22:12:57.342+0000] {logging_mixin.py:188} INFO - TACHE 3 : MONITORING DU PIPELINE
[2026-05-05T22:12:57.342+0000] {logging_mixin.py:188} INFO - ============================================================
[2026-05-05T22:12:57.354+0000] {logging_mixin.py:188} INFO - 
Fichiers de recommandations trouves : 24
[2026-05-05T22:12:57.354+0000] {logging_mixin.py:188} INFO - 
EXEMPLES DE RECOMMANDATIONS :
[2026-05-05T22:12:57.357+0000] {logging_mixin.py:188} INFO -   User 20223 -> 5 produits recommandes
[2026-05-05T22:12:57.358+0000] {logging_mixin.py:188} INFO -   User 6108 -> 5 produits recommandes
[2026-05-05T22:12:57.358+0000] {logging_mixin.py:188} INFO -   User 10928 -> 5 produits recommandes
[2026-05-05T22:12:57.358+0000] {logging_mixin.py:188} INFO -   User 14882 -> 5 produits recommandes
[2026-05-05T22:12:57.359+0000] {logging_mixin.py:188} INFO -   User 8372 -> 5 produits recommandes
[2026-05-05T22:12:57.362+0000] {logging_mixin.py:188} INFO -   User 8022 -> 5 produits recommandes
[2026-05-05T22:12:57.365+0000] {logging_mixin.py:188} INFO -   User 3242 -> 5 produits recommandes
[2026-05-05T22:12:57.366+0000] {logging_mixin.py:188} INFO - 
PERFORMANCE DU MODELE ALS :
[2026-05-05T22:12:57.367+0000] {logging_mixin.py:188} INFO -   Algorithme      : ALS - filtrage collaboratif
[2026-05-05T22:12:57.367+0000] {logging_mixin.py:188} INFO -   RMSE validation : 0.8114
[2026-05-05T22:12:57.367+0000] {logging_mixin.py:188} INFO -   RMSE test final : 0.8334  (10% donnees non vues)
[2026-05-05T22:12:57.368+0000] {logging_mixin.py:188} INFO -   Config          : rank=20, regParam=0.2, maxIter=15
[2026-05-05T22:12:57.378+0000] {logging_mixin.py:188} INFO - 
Rapport sauvegarde : output/rapport_monitoring.json
[2026-05-05T22:12:57.379+0000] {logging_mixin.py:188} INFO - STATUT FINAL : SUCCES
[2026-05-05T22:12:57.379+0000] {python.py:201} INFO - Done. Returned value was: None
[2026-05-05T22:12:57.389+0000] {taskinstance.py:1138} INFO - Marking task as SUCCESS. dag_id=recommendation_pipeline, task_id=monitoring_pipeline, execution_date=20260505T221033, start_date=20260505T221257, end_date=20260505T221257
[2026-05-05T22:12:57.419+0000] {local_task_job_runner.py:234} INFO - Task exited with return code 0
[2026-05-05T22:12:57.437+0000] {taskinstance.py:3280} INFO - 0 downstream tasks scheduled from follow-on schedule check
