[2026-05-05T11:46:19.827+0000] {taskinstance.py:1956} INFO - Dependencies all met for dep_context=non-requeueable deps ti=<TaskInstance: recommendation_pipeline.start_kafka_producer manual__2026-05-05T11:46:17.352844+00:00 [queued]>
[2026-05-05T11:46:19.842+0000] {taskinstance.py:1956} INFO - Dependencies all met for dep_context=requeueable deps ti=<TaskInstance: recommendation_pipeline.start_kafka_producer manual__2026-05-05T11:46:17.352844+00:00 [queued]>
[2026-05-05T11:46:19.843+0000] {taskinstance.py:2170} INFO - Starting attempt 1 of 2
[2026-05-05T11:46:19.864+0000] {taskinstance.py:2191} INFO - Executing <Task(BashOperator): start_kafka_producer> on 2026-05-05 11:46:17.352844+00:00
[2026-05-05T11:46:19.871+0000] {standard_task_runner.py:60} INFO - Started process 189 to run task
[2026-05-05T11:46:19.876+0000] {standard_task_runner.py:87} INFO - Running: ['***', 'tasks', 'run', 'recommendation_pipeline', 'start_kafka_producer', 'manual__2026-05-05T11:46:17.352844+00:00', '--job-id', '14', '--raw', '--subdir', 'DAGS_FOLDER/recommendation_pipeline_dag.py', '--cfg-path', '/tmp/tmp_lj9ccsw']
[2026-05-05T11:46:19.879+0000] {standard_task_runner.py:88} INFO - Job 14: Subtask start_kafka_producer
[2026-05-05T11:46:19.944+0000] {task_command.py:423} INFO - Running <TaskInstance: recommendation_pipeline.start_kafka_producer manual__2026-05-05T11:46:17.352844+00:00 [running]> on host 98d851c94906
[2026-05-05T11:46:20.051+0000] {taskinstance.py:2480} INFO - Exporting env vars: AIRFLOW_CTX_DAG_OWNER='personne3' AIRFLOW_CTX_DAG_ID='recommendation_pipeline' AIRFLOW_CTX_TASK_ID='start_kafka_producer' AIRFLOW_CTX_EXECUTION_DATE='2026-05-05T11:46:17.352844+00:00' AIRFLOW_CTX_TRY_NUMBER='1' AIRFLOW_CTX_DAG_RUN_ID='manual__2026-05-05T11:46:17.352844+00:00'
[2026-05-05T11:46:20.053+0000] {subprocess.py:63} INFO - Tmp dir root location: /tmp
[2026-05-05T11:46:20.054+0000] {subprocess.py:75} INFO - Running command: ['/usr/bin/bash', '-c', '\n        echo "TACHE 1 : Demarrage Kafka Producer"\n        echo "Broker : host.docker.internal:9092"\n        echo "Topic  : reviews_stream"\n\n        cd /opt/***/project\n\n        pip install kafka-python pandas --quiet 2>/dev/null || true\n\n        # Verifier que Reviews.csv existe\n        if [ ! -f "data/Reviews.csv" ]; then\n            echo "ERREUR : data/Reviews.csv introuvable"\n            exit 1\n        fi\n\n        echo "Dataset OK."\n\n        # Modifier temporairement le broker pour utiliser host.docker.internal\n        # On cree un script wrapper qui remplace localhost par host.docker.internal\n        cat > /tmp/run_producer.py << \'PYEOF\'\nimport json\nimport time\nimport pandas as pd\nimport sys\nsys.path.insert(0, \'/opt/***/project/kafka\')\n\n# Importer et modifier le broker avant de lancer\nfrom kafka import KafkaProducer\n\nKAFKA_BROKER = \'host.docker.internal:9092\'\nTOPIC_NAME   = \'reviews_stream\'\nCSV_PATH     = \'/opt/***/project/data/Reviews.csv\'\nDELAY        = 0.05\n\nprint(f"Connexion a Kafka : {KAFKA_BROKER}")\nproducer = KafkaProducer(\n    bootstrap_servers=KAFKA_BROKER,\n    value_serializer=lambda v: json.dumps(v).encode(\'utf-8\'),\n    retries=5\n)\nprint("Connecte a Kafka !")\n\nprint(f"Chargement du dataset...")\ndf = pd.read_csv(CSV_PATH, usecols=[\'UserId\', \'ProductId\', \'Score\', \'Time\']).dropna()\nprint(f"Dataset charge : {len(df)} avis")\n\nprint(f"Demarrage du stream vers \'{TOPIC_NAME}\'...")\nfor index, row in df.iterrows():\n    message = {\n        \'UserId\':    str(row[\'UserId\']),\n        \'ProductId\': str(row[\'ProductId\']),\n        \'Score\':     float(row[\'Score\']),\n        \'Time\':      int(row[\'Time\'])\n    }\n    producer.send(TOPIC_NAME, value=message)\n    if index % 500 == 0:\n        print(f"  Message #{index} envoye")\n    time.sleep(DELAY)\n\nproducer.flush()\nprint("Tous les messages envoyes.")\nPYEOF\n\n        echo "Lancement du producer en arriere-plan..."\n        nohup python3 /tmp/run_producer.py > /tmp/kafka_producer.log 2>&1 &\n        PRODUCER_PID=$!\n        echo $PRODUCER_PID > /tmp/kafka_producer.pid\n        echo "Producer lance (PID: $PRODUCER_PID)"\n\n        # Attendre 10 secondes pour verifier qu\'il demarre bien\n        sleep 10\n\n        if kill -0 $PRODUCER_PID 2>/dev/null; then\n            echo "Producer actif - messages en cours d envoi"\n            echo "--- Log producer ---"\n            cat /tmp/kafka_producer.log\n        else\n            echo "ERREUR : Le producer s est arrete"\n            cat /tmp/kafka_producer.log\n            exit 1\n        fi\n    ']
[2026-05-05T11:46:20.066+0000] {subprocess.py:86} INFO - Output:
[2026-05-05T11:46:20.068+0000] {subprocess.py:93} INFO - TACHE 1 : Demarrage Kafka Producer
[2026-05-05T11:46:20.069+0000] {subprocess.py:93} INFO - Broker : host.docker.internal:9092
[2026-05-05T11:46:20.069+0000] {subprocess.py:93} INFO - Topic  : reviews_stream
[2026-05-05T11:46:29.120+0000] {subprocess.py:93} INFO - Dataset OK.
[2026-05-05T11:46:29.126+0000] {subprocess.py:93} INFO - Lancement du producer en arriere-plan...
[2026-05-05T11:46:29.128+0000] {subprocess.py:93} INFO - Producer lance (PID: 210)
[2026-05-05T11:46:39.135+0000] {subprocess.py:93} INFO - Producer actif - messages en cours d envoi
[2026-05-05T11:46:39.144+0000] {subprocess.py:93} INFO - --- Log producer ---
[2026-05-05T11:46:39.148+0000] {subprocess.py:97} INFO - Command exited with return code 0
[2026-05-05T11:46:39.283+0000] {taskinstance.py:1138} INFO - Marking task as SUCCESS. dag_id=recommendation_pipeline, task_id=start_kafka_producer, execution_date=20260505T114617, start_date=20260505T114619, end_date=20260505T114639
[2026-05-05T11:46:39.421+0000] {local_task_job_runner.py:234} INFO - Task exited with return code 0
[2026-05-05T11:46:39.558+0000] {taskinstance.py:3280} INFO - 1 downstream tasks scheduled from follow-on schedule check
