[2026-05-05T22:10:54.765+0000] {taskinstance.py:1956} INFO - Dependencies all met for dep_context=non-requeueable deps ti=<TaskInstance: recommendation_pipeline.generate_recommendations manual__2026-05-05T22:10:33.804142+00:00 [queued]>
[2026-05-05T22:10:54.775+0000] {taskinstance.py:1956} INFO - Dependencies all met for dep_context=requeueable deps ti=<TaskInstance: recommendation_pipeline.generate_recommendations manual__2026-05-05T22:10:33.804142+00:00 [queued]>
[2026-05-05T22:10:54.776+0000] {taskinstance.py:2170} INFO - Starting attempt 1 of 2
[2026-05-05T22:10:54.792+0000] {taskinstance.py:2191} INFO - Executing <Task(BashOperator): generate_recommendations> on 2026-05-05 22:10:33.804142+00:00
[2026-05-05T22:10:54.798+0000] {standard_task_runner.py:60} INFO - Started process 500 to run task
[2026-05-05T22:10:54.802+0000] {standard_task_runner.py:87} INFO - Running: ['***', 'tasks', 'run', 'recommendation_pipeline', 'generate_recommendations', 'manual__2026-05-05T22:10:33.804142+00:00', '--job-id', '74', '--raw', '--subdir', 'DAGS_FOLDER/recommendation_pipeline_dag.py', '--cfg-path', '/tmp/tmp8znls629']
[2026-05-05T22:10:54.805+0000] {standard_task_runner.py:88} INFO - Job 74: Subtask generate_recommendations
[2026-05-05T22:10:54.858+0000] {task_command.py:423} INFO - Running <TaskInstance: recommendation_pipeline.generate_recommendations manual__2026-05-05T22:10:33.804142+00:00 [running]> on host 54f34fcc45b9
[2026-05-05T22:10:54.947+0000] {taskinstance.py:2480} INFO - Exporting env vars: AIRFLOW_CTX_DAG_OWNER='personne3' AIRFLOW_CTX_DAG_ID='recommendation_pipeline' AIRFLOW_CTX_TASK_ID='generate_recommendations' AIRFLOW_CTX_EXECUTION_DATE='2026-05-05T22:10:33.804142+00:00' AIRFLOW_CTX_TRY_NUMBER='1' AIRFLOW_CTX_DAG_RUN_ID='manual__2026-05-05T22:10:33.804142+00:00'
[2026-05-05T22:10:54.949+0000] {subprocess.py:63} INFO - Tmp dir root location: /tmp
[2026-05-05T22:10:54.950+0000] {subprocess.py:75} INFO - Running command: ['/usr/bin/bash', '-c', '\n        echo "TACHE 2 : Spark Streaming + ALS"\n        echo "Broker : kafka:9093"\n\n        cd /opt/***/project\n\n        export JAVA_HOME="/usr/lib/jvm/temurin-11-jdk-amd64"\n        export PATH="$JAVA_HOME/bin:$PATH"\n        export JAVA_TOOL_OPTIONS=""\n        export PYSPARK_PYTHON="python3"\n\n        java -version 2>&1\n\n        mkdir -p output/recommendations\n        mkdir -p checkpoints/streaming\n\n        echo "Lancement du streaming (120 secondes)..."\n        KAFKA_BROKER=kafka:9093 timeout 150 python3 /tmp/etape3_fixed.py             > /tmp/spark_streaming.log 2>&1 || true\n\n        echo "Streaming termine."\n        NB=$(find output/recommendations -name "*.json" 2>/dev/null | wc -l)\n        echo "Fichiers JSON generes : $NB"\n\n        if [ "$NB" -gt "0" ]; then\n            echo "SUCCES : Recommandations generees !"\n            find output/recommendations -name "*.json" | head -2 | while read f; do\n                echo "Fichier : $f"\n                head -3 "$f"\n            done\n        else\n            echo "Aucun fichier JSON trouve."\n            tail -15 /tmp/spark_streaming.log\n        fi\n    ']
[2026-05-05T22:10:54.962+0000] {subprocess.py:86} INFO - Output:
[2026-05-05T22:10:54.963+0000] {subprocess.py:93} INFO - TACHE 2 : Spark Streaming + ALS
[2026-05-05T22:10:54.964+0000] {subprocess.py:93} INFO - Broker : kafka:9093
[2026-05-05T22:10:54.971+0000] {subprocess.py:93} INFO - Picked up JAVA_TOOL_OPTIONS:
[2026-05-05T22:10:55.043+0000] {subprocess.py:93} INFO - openjdk version "11.0.31" 2026-04-21
[2026-05-05T22:10:55.043+0000] {subprocess.py:93} INFO - OpenJDK Runtime Environment Temurin-11.0.31+11 (build 11.0.31+11)
[2026-05-05T22:10:55.044+0000] {subprocess.py:93} INFO - OpenJDK 64-Bit Server VM Temurin-11.0.31+11 (build 11.0.31+11, mixed mode)
[2026-05-05T22:10:55.060+0000] {subprocess.py:93} INFO - Lancement du streaming (120 secondes)...
[2026-05-05T22:12:56.233+0000] {subprocess.py:93} INFO - Streaming termine.
[2026-05-05T22:12:56.247+0000] {subprocess.py:93} INFO - Fichiers JSON generes : 12
[2026-05-05T22:12:56.247+0000] {subprocess.py:93} INFO - SUCCES : Recommandations generees !
[2026-05-05T22:12:56.258+0000] {subprocess.py:93} INFO - Fichier : output/recommendations/part-00000-0ae9e5d5-b858-476a-93fd-3e20bc53824f-c000.json
[2026-05-05T22:12:56.265+0000] {subprocess.py:93} INFO - {"user_idx":20223,"recommendations":[{"product_idx":1275,"rating":5.0096483},{"product_idx":1305,"rating":4.9996996},{"product_idx":5026,"rating":4.836028},{"product_idx":1967,"rating":4.816252},{"product_idx":6141,"rating":4.80313}]}
[2026-05-05T22:12:56.266+0000] {subprocess.py:93} INFO - {"user_idx":6108,"recommendations":[{"product_idx":3163,"rating":5.8715215},{"product_idx":4844,"rating":5.3853884},{"product_idx":3861,"rating":5.297845},{"product_idx":3995,"rating":5.2319384},{"product_idx":3691,"rating":5.177612}]}
[2026-05-05T22:12:56.266+0000] {subprocess.py:93} INFO - {"user_idx":10928,"recommendations":[{"product_idx":3163,"rating":5.755137},{"product_idx":3979,"rating":4.9663944},{"product_idx":508,"rating":4.794736},{"product_idx":509,"rating":4.79426},{"product_idx":512,"rating":4.789998}]}
[2026-05-05T22:12:56.267+0000] {subprocess.py:93} INFO - Fichier : output/recommendations/part-00000-263b574c-ddd5-47dc-980f-25a66f6eb048-c000.json
[2026-05-05T22:12:56.273+0000] {subprocess.py:93} INFO - {"user_idx":8022,"recommendations":[{"product_idx":3163,"rating":5.456264},{"product_idx":1710,"rating":4.8072042},{"product_idx":1698,"rating":4.785667},{"product_idx":1697,"rating":4.7848115},{"product_idx":1699,"rating":4.775857}]}
[2026-05-05T22:12:56.274+0000] {subprocess.py:93} INFO - {"user_idx":14151,"recommendations":[{"product_idx":1275,"rating":4.004366},{"product_idx":1305,"rating":3.9918718},{"product_idx":3163,"rating":3.9102736},{"product_idx":4570,"rating":3.267142},{"product_idx":3995,"rating":3.2655976}]}
[2026-05-05T22:12:56.274+0000] {subprocess.py:93} INFO - {"user_idx":22483,"recommendations":[{"product_idx":4784,"rating":4.870384},{"product_idx":2157,"rating":4.0737658},{"product_idx":1275,"rating":3.6330357},{"product_idx":1305,"rating":3.6235158},{"product_idx":5582,"rating":3.4452734}]}
[2026-05-05T22:12:56.275+0000] {subprocess.py:97} INFO - Command exited with return code 0
[2026-05-05T22:12:56.318+0000] {taskinstance.py:1138} INFO - Marking task as SUCCESS. dag_id=recommendation_pipeline, task_id=generate_recommendations, execution_date=20260505T221033, start_date=20260505T221054, end_date=20260505T221256
[2026-05-05T22:12:56.386+0000] {local_task_job_runner.py:234} INFO - Task exited with return code 0
[2026-05-05T22:12:56.408+0000] {taskinstance.py:3280} INFO - 1 downstream tasks scheduled from follow-on schedule check
