[2026-05-05T21:12:09.838+0000] {taskinstance.py:1956} INFO - Dependencies all met for dep_context=non-requeueable deps ti=<TaskInstance: recommendation_pipeline.start_kafka_producer manual__2026-05-05T21:11:59.658240+00:00 [queued]>
[2026-05-05T21:12:09.864+0000] {taskinstance.py:1956} INFO - Dependencies all met for dep_context=requeueable deps ti=<TaskInstance: recommendation_pipeline.start_kafka_producer manual__2026-05-05T21:11:59.658240+00:00 [queued]>
[2026-05-05T21:12:09.865+0000] {taskinstance.py:2170} INFO - Starting attempt 1 of 2
[2026-05-05T21:12:09.924+0000] {taskinstance.py:2191} INFO - Executing <Task(BashOperator): start_kafka_producer> on 2026-05-05 21:11:59.658240+00:00
[2026-05-05T21:12:09.940+0000] {standard_task_runner.py:60} INFO - Started process 181 to run task
[2026-05-05T21:12:09.957+0000] {standard_task_runner.py:87} INFO - Running: ['***', 'tasks', 'run', 'recommendation_pipeline', 'start_kafka_producer', 'manual__2026-05-05T21:11:59.658240+00:00', '--job-id', '42', '--raw', '--subdir', 'DAGS_FOLDER/recommendation_pipeline_dag.py', '--cfg-path', '/tmp/tmpy2gyz9h1']
[2026-05-05T21:12:09.970+0000] {standard_task_runner.py:88} INFO - Job 42: Subtask start_kafka_producer
[2026-05-05T21:12:10.226+0000] {task_command.py:423} INFO - Running <TaskInstance: recommendation_pipeline.start_kafka_producer manual__2026-05-05T21:11:59.658240+00:00 [running]> on host 54f34fcc45b9
[2026-05-05T21:12:10.733+0000] {taskinstance.py:2480} INFO - Exporting env vars: AIRFLOW_CTX_DAG_OWNER='personne3' AIRFLOW_CTX_DAG_ID='recommendation_pipeline' AIRFLOW_CTX_TASK_ID='start_kafka_producer' AIRFLOW_CTX_EXECUTION_DATE='2026-05-05T21:11:59.658240+00:00' AIRFLOW_CTX_TRY_NUMBER='1' AIRFLOW_CTX_DAG_RUN_ID='manual__2026-05-05T21:11:59.658240+00:00'
[2026-05-05T21:12:10.740+0000] {subprocess.py:63} INFO - Tmp dir root location: /tmp
[2026-05-05T21:12:10.745+0000] {subprocess.py:75} INFO - Running command: ['/usr/bin/bash', '-c', '\n        echo "TACHE 1 : Demarrage Kafka Producer"\n\n        KAFKA_IP=$(getent hosts kafka 2>/dev/null | awk \'{print $1}\')\n        if [ -z "$KAFKA_IP" ]; then\n            KAFKA_IP="host.docker.internal"\n        fi\n        KAFKA_BROKER="${KAFKA_IP}:9092"\n        echo "Broker resolu : $KAFKA_BROKER"\n\n        cd /opt/***/project\n        pip install kafka-python pandas --quiet 2>/dev/null || true\n\n        if [ ! -f "data/Reviews.csv" ]; then\n            echo "ERREUR : data/Reviews.csv introuvable"\n            exit 1\n        fi\n        echo "Dataset OK."\n\n        echo "Lancement du producer en arriere-plan..."\n        KAFKA_BROKER=$KAFKA_BROKER nohup python3 /tmp/run_producer.py > /tmp/kafka_producer.log 2>&1 &\n        PRODUCER_PID=$!\n        echo $PRODUCER_PID > /tmp/kafka_producer.pid\n        echo "Producer lance (PID: $PRODUCER_PID)"\n\n        sleep 15\n\n        if kill -0 $PRODUCER_PID 2>/dev/null; then\n            echo "Producer actif !"\n            cat /tmp/kafka_producer.log\n        else\n            echo "ERREUR : Le producer s est arrete"\n            cat /tmp/kafka_producer.log\n            exit 1\n        fi\n    ']
[2026-05-05T21:12:10.785+0000] {subprocess.py:86} INFO - Output:
[2026-05-05T21:12:10.792+0000] {subprocess.py:93} INFO - TACHE 1 : Demarrage Kafka Producer
[2026-05-05T21:12:10.812+0000] {subprocess.py:93} INFO - Broker resolu : 172.20.0.3:9092
[2026-05-05T21:12:20.706+0000] {subprocess.py:93} INFO - Dataset OK.
[2026-05-05T21:12:20.708+0000] {subprocess.py:93} INFO - Lancement du producer en arriere-plan...
[2026-05-05T21:12:20.709+0000] {subprocess.py:93} INFO - Producer lance (PID: 204)
[2026-05-05T21:12:33.402+0000] {subprocess.py:93} INFO - Producer actif !
[2026-05-05T21:12:33.408+0000] {subprocess.py:97} INFO - Command exited with return code 0
[2026-05-05T21:12:33.476+0000] {taskinstance.py:1138} INFO - Marking task as SUCCESS. dag_id=recommendation_pipeline, task_id=start_kafka_producer, execution_date=20260505T211159, start_date=20260505T211209, end_date=20260505T211233
[2026-05-05T21:12:33.537+0000] {local_task_job_runner.py:234} INFO - Task exited with return code 0
[2026-05-05T21:12:33.577+0000] {taskinstance.py:3280} INFO - 1 downstream tasks scheduled from follow-on schedule check
