[2026-05-05T22:10:36.595+0000] {taskinstance.py:1956} INFO - Dependencies all met for dep_context=non-requeueable deps ti=<TaskInstance: recommendation_pipeline.start_kafka_producer manual__2026-05-05T22:10:33.804142+00:00 [queued]>
[2026-05-05T22:10:36.604+0000] {taskinstance.py:1956} INFO - Dependencies all met for dep_context=requeueable deps ti=<TaskInstance: recommendation_pipeline.start_kafka_producer manual__2026-05-05T22:10:33.804142+00:00 [queued]>
[2026-05-05T22:10:36.605+0000] {taskinstance.py:2170} INFO - Starting attempt 1 of 2
[2026-05-05T22:10:36.622+0000] {taskinstance.py:2191} INFO - Executing <Task(BashOperator): start_kafka_producer> on 2026-05-05 22:10:33.804142+00:00
[2026-05-05T22:10:36.628+0000] {standard_task_runner.py:60} INFO - Started process 462 to run task
[2026-05-05T22:10:36.631+0000] {standard_task_runner.py:87} INFO - Running: ['***', 'tasks', 'run', 'recommendation_pipeline', 'start_kafka_producer', 'manual__2026-05-05T22:10:33.804142+00:00', '--job-id', '73', '--raw', '--subdir', 'DAGS_FOLDER/recommendation_pipeline_dag.py', '--cfg-path', '/tmp/tmp15vuh0r8']
[2026-05-05T22:10:36.634+0000] {standard_task_runner.py:88} INFO - Job 73: Subtask start_kafka_producer
[2026-05-05T22:10:36.683+0000] {task_command.py:423} INFO - Running <TaskInstance: recommendation_pipeline.start_kafka_producer manual__2026-05-05T22:10:33.804142+00:00 [running]> on host 54f34fcc45b9
[2026-05-05T22:10:36.776+0000] {taskinstance.py:2480} INFO - Exporting env vars: AIRFLOW_CTX_DAG_OWNER='personne3' AIRFLOW_CTX_DAG_ID='recommendation_pipeline' AIRFLOW_CTX_TASK_ID='start_kafka_producer' AIRFLOW_CTX_EXECUTION_DATE='2026-05-05T22:10:33.804142+00:00' AIRFLOW_CTX_TRY_NUMBER='1' AIRFLOW_CTX_DAG_RUN_ID='manual__2026-05-05T22:10:33.804142+00:00'
[2026-05-05T22:10:36.778+0000] {subprocess.py:63} INFO - Tmp dir root location: /tmp
[2026-05-05T22:10:36.779+0000] {subprocess.py:75} INFO - Running command: ['/usr/bin/bash', '-c', '\n        echo "TACHE 1 : Demarrage Kafka Producer"\n        echo "Broker : kafka:9093"\n\n        cd /opt/***/project\n        pip install kafka-python pandas --quiet 2>/dev/null || true\n\n        if [ ! -f "data/Reviews.csv" ]; then\n            echo "ERREUR : data/Reviews.csv introuvable"\n            exit 1\n        fi\n        echo "Dataset OK."\n\n        echo "Lancement du producer en arriere-plan..."\n        KAFKA_BROKER=kafka:9093 nohup python3 /tmp/run_producer.py             > /tmp/kafka_producer.log 2>&1 &\n        PRODUCER_PID=$!\n        echo $PRODUCER_PID > /tmp/kafka_producer.pid\n        echo "Producer lance (PID: $PRODUCER_PID)"\n\n        sleep 15\n\n        if kill -0 $PRODUCER_PID 2>/dev/null; then\n            echo "Producer actif !"\n            cat /tmp/kafka_producer.log\n        else\n            echo "ERREUR : Le producer s est arrete"\n            cat /tmp/kafka_producer.log\n            exit 1\n        fi\n    ']
[2026-05-05T22:10:36.791+0000] {subprocess.py:86} INFO - Output:
[2026-05-05T22:10:36.793+0000] {subprocess.py:93} INFO - TACHE 1 : Demarrage Kafka Producer
[2026-05-05T22:10:36.793+0000] {subprocess.py:93} INFO - Broker : kafka:9093
[2026-05-05T22:10:39.252+0000] {subprocess.py:93} INFO - Dataset OK.
[2026-05-05T22:10:39.254+0000] {subprocess.py:93} INFO - Lancement du producer en arriere-plan...
[2026-05-05T22:10:39.255+0000] {subprocess.py:93} INFO - Producer lance (PID: 482)
[2026-05-05T22:10:54.259+0000] {subprocess.py:93} INFO - Producer actif !
[2026-05-05T22:10:54.261+0000] {subprocess.py:97} INFO - Command exited with return code 0
[2026-05-05T22:10:54.305+0000] {taskinstance.py:1138} INFO - Marking task as SUCCESS. dag_id=recommendation_pipeline, task_id=start_kafka_producer, execution_date=20260505T221033, start_date=20260505T221036, end_date=20260505T221054
[2026-05-05T22:10:54.357+0000] {local_task_job_runner.py:234} INFO - Task exited with return code 0
[2026-05-05T22:10:54.389+0000] {taskinstance.py:3280} INFO - 1 downstream tasks scheduled from follow-on schedule check
