[2026-05-05T21:12:53.639+0000] {taskinstance.py:1956} INFO - Dependencies all met for dep_context=non-requeueable deps ti=<TaskInstance: recommendation_pipeline.monitoring_pipeline manual__2026-05-05T21:11:59.658240+00:00 [queued]>
[2026-05-05T21:12:53.700+0000] {taskinstance.py:1956} INFO - Dependencies all met for dep_context=requeueable deps ti=<TaskInstance: recommendation_pipeline.monitoring_pipeline manual__2026-05-05T21:11:59.658240+00:00 [queued]>
[2026-05-05T21:12:53.703+0000] {taskinstance.py:2170} INFO - Starting attempt 1 of 2
[2026-05-05T21:12:53.797+0000] {taskinstance.py:2191} INFO - Executing <Task(PythonOperator): monitoring_pipeline> on 2026-05-05 21:11:59.658240+00:00
[2026-05-05T21:12:53.818+0000] {standard_task_runner.py:60} INFO - Started process 505 to run task
[2026-05-05T21:12:53.835+0000] {standard_task_runner.py:87} INFO - Running: ['***', 'tasks', 'run', 'recommendation_pipeline', 'monitoring_pipeline', 'manual__2026-05-05T21:11:59.658240+00:00', '--job-id', '44', '--raw', '--subdir', 'DAGS_FOLDER/recommendation_pipeline_dag.py', '--cfg-path', '/tmp/tmp7f942h_4']
[2026-05-05T21:12:53.847+0000] {standard_task_runner.py:88} INFO - Job 44: Subtask monitoring_pipeline
[2026-05-05T21:12:54.113+0000] {task_command.py:423} INFO - Running <TaskInstance: recommendation_pipeline.monitoring_pipeline manual__2026-05-05T21:11:59.658240+00:00 [running]> on host 54f34fcc45b9
[2026-05-05T21:12:54.579+0000] {taskinstance.py:2480} INFO - Exporting env vars: AIRFLOW_CTX_DAG_OWNER='personne3' AIRFLOW_CTX_DAG_ID='recommendation_pipeline' AIRFLOW_CTX_TASK_ID='monitoring_pipeline' AIRFLOW_CTX_EXECUTION_DATE='2026-05-05T21:11:59.658240+00:00' AIRFLOW_CTX_TRY_NUMBER='1' AIRFLOW_CTX_DAG_RUN_ID='manual__2026-05-05T21:11:59.658240+00:00'
[2026-05-05T21:12:54.585+0000] {logging_mixin.py:188} INFO - ============================================================
[2026-05-05T21:12:54.587+0000] {logging_mixin.py:188} INFO - TACHE 3 : MONITORING DU PIPELINE
[2026-05-05T21:12:54.590+0000] {logging_mixin.py:188} INFO - ============================================================
[2026-05-05T21:12:54.644+0000] {logging_mixin.py:188} INFO - 
Fichiers de recommandations trouves : 0
[2026-05-05T21:12:54.647+0000] {logging_mixin.py:188} INFO - Aucune recommandation trouvee.
[2026-05-05T21:12:54.649+0000] {logging_mixin.py:188} INFO - 
PERFORMANCE DU MODELE ALS :
[2026-05-05T21:12:54.651+0000] {logging_mixin.py:188} INFO -   Algorithme      : ALS - filtrage collaboratif
[2026-05-05T21:12:54.653+0000] {logging_mixin.py:188} INFO -   RMSE validation : 0.8114
[2026-05-05T21:12:54.656+0000] {logging_mixin.py:188} INFO -   RMSE test final : 0.8334  (10% donnees non vues)
[2026-05-05T21:12:54.659+0000] {logging_mixin.py:188} INFO -   Config          : rank=20, regParam=0.2, maxIter=15
[2026-05-05T21:12:54.719+0000] {logging_mixin.py:188} INFO - 
Rapport sauvegarde : output/rapport_monitoring.json
[2026-05-05T21:12:54.722+0000] {logging_mixin.py:188} INFO - STATUT FINAL : AVERTISSEMENT
[2026-05-05T21:12:54.724+0000] {python.py:201} INFO - Done. Returned value was: None
[2026-05-05T21:12:54.776+0000] {taskinstance.py:1138} INFO - Marking task as SUCCESS. dag_id=recommendation_pipeline, task_id=monitoring_pipeline, execution_date=20260505T211159, start_date=20260505T211253, end_date=20260505T211254
[2026-05-05T21:12:54.921+0000] {local_task_job_runner.py:234} INFO - Task exited with return code 0
[2026-05-05T21:12:55.019+0000] {taskinstance.py:3280} INFO - 0 downstream tasks scheduled from follow-on schedule check
