[2026-05-05T11:46:18.437+0000] {taskinstance.py:1956} INFO - Dependencies all met for dep_context=non-requeueable deps ti=<TaskInstance: recommendation_pipeline.verifier_prerequis manual__2026-05-05T11:46:17.352844+00:00 [queued]>
[2026-05-05T11:46:18.452+0000] {taskinstance.py:1956} INFO - Dependencies all met for dep_context=requeueable deps ti=<TaskInstance: recommendation_pipeline.verifier_prerequis manual__2026-05-05T11:46:17.352844+00:00 [queued]>
[2026-05-05T11:46:18.454+0000] {taskinstance.py:2170} INFO - Starting attempt 1 of 2
[2026-05-05T11:46:18.482+0000] {taskinstance.py:2191} INFO - Executing <Task(PythonOperator): verifier_prerequis> on 2026-05-05 11:46:17.352844+00:00
[2026-05-05T11:46:18.492+0000] {standard_task_runner.py:60} INFO - Started process 187 to run task
[2026-05-05T11:46:18.497+0000] {standard_task_runner.py:87} INFO - Running: ['***', 'tasks', 'run', 'recommendation_pipeline', 'verifier_prerequis', 'manual__2026-05-05T11:46:17.352844+00:00', '--job-id', '13', '--raw', '--subdir', 'DAGS_FOLDER/recommendation_pipeline_dag.py', '--cfg-path', '/tmp/tmpv005ad7x']
[2026-05-05T11:46:18.501+0000] {standard_task_runner.py:88} INFO - Job 13: Subtask verifier_prerequis
[2026-05-05T11:46:18.599+0000] {task_command.py:423} INFO - Running <TaskInstance: recommendation_pipeline.verifier_prerequis manual__2026-05-05T11:46:17.352844+00:00 [running]> on host 98d851c94906
[2026-05-05T11:46:18.805+0000] {taskinstance.py:2480} INFO - Exporting env vars: AIRFLOW_CTX_DAG_OWNER='personne3' AIRFLOW_CTX_DAG_ID='recommendation_pipeline' AIRFLOW_CTX_TASK_ID='verifier_prerequis' AIRFLOW_CTX_EXECUTION_DATE='2026-05-05T11:46:17.352844+00:00' AIRFLOW_CTX_TRY_NUMBER='1' AIRFLOW_CTX_DAG_RUN_ID='manual__2026-05-05T11:46:17.352844+00:00'
[2026-05-05T11:46:18.808+0000] {logging_mixin.py:188} INFO - ============================================================
[2026-05-05T11:46:18.810+0000] {logging_mixin.py:188} INFO - VERIFICATION DES PREREQUIS
[2026-05-05T11:46:18.811+0000] {logging_mixin.py:188} INFO - ============================================================
[2026-05-05T11:46:18.815+0000] {logging_mixin.py:188} INFO -   OK : Dataset CSV
[2026-05-05T11:46:18.821+0000] {logging_mixin.py:188} INFO -   OK : Modele ALS
[2026-05-05T11:46:18.825+0000] {logging_mixin.py:188} INFO -   OK : Script Kafka
[2026-05-05T11:46:18.827+0000] {logging_mixin.py:188} INFO -   OK : Script Streaming
[2026-05-05T11:46:18.832+0000] {logging_mixin.py:188} INFO -   OK : Donnees parquet
[2026-05-05T11:46:18.835+0000] {logging_mixin.py:188} INFO - 
RESULTATS DU MODELE :
[2026-05-05T11:46:18.839+0000] {logging_mixin.py:188} INFO - Meilleure config : {'rank': 20, 'regParam': 0.2, 'maxIter': 15}
RMSE validation  : 0.8114
RMSE test final  : 0.8334
[2026-05-05T11:46:18.840+0000] {logging_mixin.py:188} INFO - Tous les prerequis sont OK.
[2026-05-05T11:46:18.841+0000] {python.py:201} INFO - Done. Returned value was: None
[2026-05-05T11:46:18.862+0000] {taskinstance.py:1138} INFO - Marking task as SUCCESS. dag_id=recommendation_pipeline, task_id=verifier_prerequis, execution_date=20260505T114617, start_date=20260505T114618, end_date=20260505T114618
[2026-05-05T11:46:18.923+0000] {local_task_job_runner.py:234} INFO - Task exited with return code 0
[2026-05-05T11:46:18.960+0000] {taskinstance.py:3280} INFO - 1 downstream tasks scheduled from follow-on schedule check
