[2026-05-05T16:08:52.006+0000] {taskinstance.py:1956} INFO - Dependencies all met for dep_context=non-requeueable deps ti=<TaskInstance: recommendation_pipeline.verifier_prerequis manual__2026-05-05T16:08:46.173648+00:00 [queued]>
[2026-05-05T16:08:52.015+0000] {taskinstance.py:1956} INFO - Dependencies all met for dep_context=requeueable deps ti=<TaskInstance: recommendation_pipeline.verifier_prerequis manual__2026-05-05T16:08:46.173648+00:00 [queued]>
[2026-05-05T16:08:52.016+0000] {taskinstance.py:2170} INFO - Starting attempt 1 of 2
[2026-05-05T16:08:52.034+0000] {taskinstance.py:2191} INFO - Executing <Task(PythonOperator): verifier_prerequis> on 2026-05-05 16:08:46.173648+00:00
[2026-05-05T16:08:52.038+0000] {standard_task_runner.py:60} INFO - Started process 200 to run task
[2026-05-05T16:08:52.042+0000] {standard_task_runner.py:87} INFO - Running: ['***', 'tasks', 'run', 'recommendation_pipeline', 'verifier_prerequis', 'manual__2026-05-05T16:08:46.173648+00:00', '--job-id', '24', '--raw', '--subdir', 'DAGS_FOLDER/recommendation_pipeline_dag.py', '--cfg-path', '/tmp/tmpvfiat5wz']
[2026-05-05T16:08:52.045+0000] {standard_task_runner.py:88} INFO - Job 24: Subtask verifier_prerequis
[2026-05-05T16:08:52.104+0000] {task_command.py:423} INFO - Running <TaskInstance: recommendation_pipeline.verifier_prerequis manual__2026-05-05T16:08:46.173648+00:00 [running]> on host 251a3406cd93
[2026-05-05T16:08:52.209+0000] {taskinstance.py:2480} INFO - Exporting env vars: AIRFLOW_CTX_DAG_OWNER='personne3' AIRFLOW_CTX_DAG_ID='recommendation_pipeline' AIRFLOW_CTX_TASK_ID='verifier_prerequis' AIRFLOW_CTX_EXECUTION_DATE='2026-05-05T16:08:46.173648+00:00' AIRFLOW_CTX_TRY_NUMBER='1' AIRFLOW_CTX_DAG_RUN_ID='manual__2026-05-05T16:08:46.173648+00:00'
[2026-05-05T16:08:52.210+0000] {logging_mixin.py:188} INFO - ============================================================
[2026-05-05T16:08:52.211+0000] {logging_mixin.py:188} INFO - VERIFICATION DES PREREQUIS
[2026-05-05T16:08:52.211+0000] {logging_mixin.py:188} INFO - ============================================================
[2026-05-05T16:08:52.215+0000] {logging_mixin.py:188} INFO -   OK : Dataset CSV
[2026-05-05T16:08:52.218+0000] {logging_mixin.py:188} INFO -   OK : Modele ALS
[2026-05-05T16:08:52.220+0000] {logging_mixin.py:188} INFO -   OK : Script Kafka
[2026-05-05T16:08:52.221+0000] {logging_mixin.py:188} INFO -   OK : Script Streaming
[2026-05-05T16:08:52.223+0000] {logging_mixin.py:188} INFO -   OK : Donnees parquet
[2026-05-05T16:08:52.224+0000] {logging_mixin.py:188} INFO - 
RESULTATS DU MODELE :
[2026-05-05T16:08:52.226+0000] {logging_mixin.py:188} INFO - Meilleure config : {'rank': 20, 'regParam': 0.2, 'maxIter': 15}
RMSE validation  : 0.8114
RMSE test final  : 0.8334
[2026-05-05T16:08:55.606+0000] {logging_mixin.py:188} INFO - 
Kafka broker resolu : host.docker.internal:9092
[2026-05-05T16:08:55.607+0000] {logging_mixin.py:188} INFO - Tous les prerequis sont OK.
[2026-05-05T16:08:55.608+0000] {python.py:201} INFO - Done. Returned value was: None
[2026-05-05T16:08:55.629+0000] {taskinstance.py:1138} INFO - Marking task as SUCCESS. dag_id=recommendation_pipeline, task_id=verifier_prerequis, execution_date=20260505T160846, start_date=20260505T160852, end_date=20260505T160855
[2026-05-05T16:08:55.686+0000] {local_task_job_runner.py:234} INFO - Task exited with return code 0
[2026-05-05T16:08:55.719+0000] {taskinstance.py:3280} INFO - 0 downstream tasks scheduled from follow-on schedule check
