[2026-05-05T11:17:17.819+0000] {taskinstance.py:1956} INFO - Dependencies all met for dep_context=non-requeueable deps ti=<TaskInstance: recommendation_pipeline.verifier_prerequis manual__2026-05-05T11:17:15.302424+00:00 [queued]>
[2026-05-05T11:17:17.831+0000] {taskinstance.py:1956} INFO - Dependencies all met for dep_context=requeueable deps ti=<TaskInstance: recommendation_pipeline.verifier_prerequis manual__2026-05-05T11:17:15.302424+00:00 [queued]>
[2026-05-05T11:17:17.832+0000] {taskinstance.py:2170} INFO - Starting attempt 1 of 2
[2026-05-05T11:17:17.851+0000] {taskinstance.py:2191} INFO - Executing <Task(PythonOperator): verifier_prerequis> on 2026-05-05 11:17:15.302424+00:00
[2026-05-05T11:17:17.858+0000] {standard_task_runner.py:60} INFO - Started process 192 to run task
[2026-05-05T11:17:17.863+0000] {standard_task_runner.py:87} INFO - Running: ['***', 'tasks', 'run', 'recommendation_pipeline', 'verifier_prerequis', 'manual__2026-05-05T11:17:15.302424+00:00', '--job-id', '5', '--raw', '--subdir', 'DAGS_FOLDER/recommendation_pipeline_dag.py', '--cfg-path', '/tmp/tmp8s27vthi']
[2026-05-05T11:17:17.867+0000] {standard_task_runner.py:88} INFO - Job 5: Subtask verifier_prerequis
[2026-05-05T11:17:17.982+0000] {task_command.py:423} INFO - Running <TaskInstance: recommendation_pipeline.verifier_prerequis manual__2026-05-05T11:17:15.302424+00:00 [running]> on host ae7d4869711a
[2026-05-05T11:17:18.158+0000] {taskinstance.py:2480} INFO - Exporting env vars: AIRFLOW_CTX_DAG_OWNER='personne3' AIRFLOW_CTX_DAG_ID='recommendation_pipeline' AIRFLOW_CTX_TASK_ID='verifier_prerequis' AIRFLOW_CTX_EXECUTION_DATE='2026-05-05T11:17:15.302424+00:00' AIRFLOW_CTX_TRY_NUMBER='1' AIRFLOW_CTX_DAG_RUN_ID='manual__2026-05-05T11:17:15.302424+00:00'
[2026-05-05T11:17:18.161+0000] {logging_mixin.py:188} INFO - ============================================================
[2026-05-05T11:17:18.162+0000] {logging_mixin.py:188} INFO - VERIFICATION DES PREREQUIS
[2026-05-05T11:17:18.163+0000] {logging_mixin.py:188} INFO - ============================================================
[2026-05-05T11:17:18.169+0000] {logging_mixin.py:188} INFO -   OK : Dataset CSV
[2026-05-05T11:17:18.177+0000] {logging_mixin.py:188} INFO -   OK : Modele ALS
[2026-05-05T11:17:18.182+0000] {logging_mixin.py:188} INFO -   OK : Script Kafka
[2026-05-05T11:17:18.186+0000] {logging_mixin.py:188} INFO -   OK : Script Streaming
[2026-05-05T11:17:18.192+0000] {logging_mixin.py:188} INFO -   OK : Donnees nettoyees (parquet)
[2026-05-05T11:17:18.196+0000] {logging_mixin.py:188} INFO - 
RESULTATS DU MODELE (Personne 2) :
[2026-05-05T11:17:18.203+0000] {logging_mixin.py:188} INFO - Meilleure config : {'rank': 20, 'regParam': 0.2, 'maxIter': 15}
RMSE validation  : 0.8114
RMSE test final  : 0.8334
[2026-05-05T11:17:18.206+0000] {logging_mixin.py:188} INFO - Prerequis OK — lancement du pipeline...
[2026-05-05T11:17:18.207+0000] {python.py:201} INFO - Done. Returned value was: None
[2026-05-05T11:17:18.228+0000] {taskinstance.py:1138} INFO - Marking task as SUCCESS. dag_id=recommendation_pipeline, task_id=verifier_prerequis, execution_date=20260505T111715, start_date=20260505T111717, end_date=20260505T111718
[2026-05-05T11:17:18.285+0000] {local_task_job_runner.py:234} INFO - Task exited with return code 0
[2026-05-05T11:17:18.355+0000] {taskinstance.py:3280} INFO - 1 downstream tasks scheduled from follow-on schedule check
