[2026-05-05T11:46:40.749+0000] {taskinstance.py:1956} INFO - Dependencies all met for dep_context=non-requeueable deps ti=<TaskInstance: recommendation_pipeline.generate_recommendations manual__2026-05-05T11:46:17.352844+00:00 [queued]>
[2026-05-05T11:46:40.826+0000] {taskinstance.py:1956} INFO - Dependencies all met for dep_context=requeueable deps ti=<TaskInstance: recommendation_pipeline.generate_recommendations manual__2026-05-05T11:46:17.352844+00:00 [queued]>
[2026-05-05T11:46:40.828+0000] {taskinstance.py:2170} INFO - Starting attempt 1 of 2
[2026-05-05T11:46:40.893+0000] {taskinstance.py:2191} INFO - Executing <Task(BashOperator): generate_recommendations> on 2026-05-05 11:46:17.352844+00:00
[2026-05-05T11:46:40.906+0000] {standard_task_runner.py:60} INFO - Started process 233 to run task
[2026-05-05T11:46:40.908+0000] {standard_task_runner.py:87} INFO - Running: ['***', 'tasks', 'run', 'recommendation_pipeline', 'generate_recommendations', 'manual__2026-05-05T11:46:17.352844+00:00', '--job-id', '15', '--raw', '--subdir', 'DAGS_FOLDER/recommendation_pipeline_dag.py', '--cfg-path', '/tmp/tmp7l0sllc2']
[2026-05-05T11:46:40.919+0000] {standard_task_runner.py:88} INFO - Job 15: Subtask generate_recommendations
[2026-05-05T11:46:41.005+0000] {task_command.py:423} INFO - Running <TaskInstance: recommendation_pipeline.generate_recommendations manual__2026-05-05T11:46:17.352844+00:00 [running]> on host 98d851c94906
[2026-05-05T11:46:41.121+0000] {taskinstance.py:2480} INFO - Exporting env vars: AIRFLOW_CTX_DAG_OWNER='personne3' AIRFLOW_CTX_DAG_ID='recommendation_pipeline' AIRFLOW_CTX_TASK_ID='generate_recommendations' AIRFLOW_CTX_EXECUTION_DATE='2026-05-05T11:46:17.352844+00:00' AIRFLOW_CTX_TRY_NUMBER='1' AIRFLOW_CTX_DAG_RUN_ID='manual__2026-05-05T11:46:17.352844+00:00'
[2026-05-05T11:46:41.123+0000] {subprocess.py:63} INFO - Tmp dir root location: /tmp
[2026-05-05T11:46:41.125+0000] {subprocess.py:75} INFO - Running command: ['/usr/bin/bash', '-c', '\n        echo "TACHE 2 : Spark Streaming + ALS"\n        echo "Modele  : als_model/"\n        echo "Broker  : host.docker.internal:9092"\n        echo "Sortie  : output/recommendations/"\n\n        cd /opt/***/project\n\n        # Java 8 (obligatoire pour Spark)\n        export JAVA_HOME="/usr/lib/jvm/java-8-openjdk-amd64"\n        export PATH="$JAVA_HOME/bin:$PATH"\n        export JAVA_TOOL_OPTIONS=""\n        export PYSPARK_PYTHON="python3"\n\n        pip install pyspark==3.4.0 --quiet 2>/dev/null || true\n\n        mkdir -p output/recommendations\n        mkdir -p checkpoints/streaming\n\n        # Creer une version modifiee de etape3 avec le bon broker\n        sed \'s/localhost:9092/host.docker.internal:9092/g\' etape3_spark_streaming.py > /tmp/etape3_docker.py\n\n        echo "Broker remplace : localhost:9092 -> host.docker.internal:9092"\n        echo "Lancement du streaming (120 secondes)..."\n\n        timeout 120 python3 /tmp/etape3_docker.py > /tmp/spark_streaming.log 2>&1 || true\n\n        echo "Streaming termine."\n        echo "--- Verification des fichiers generes ---"\n        NB=$(find output/recommendations -name "*.json" 2>/dev/null | wc -l)\n        echo "Fichiers JSON generes : $NB"\n\n        if [ "$NB" -gt "0" ]; then\n            echo "Recommandations generees avec succes !"\n            find output/recommendations -name "*.json" | head -2 | while read f; do\n                echo "Fichier : $f"\n                head -3 "$f"\n            done\n        else\n            echo "Aucun fichier JSON trouve."\n            echo "--- Fin du log Spark ---"\n            tail -20 /tmp/spark_streaming.log\n        fi\n    ']
[2026-05-05T11:46:41.139+0000] {subprocess.py:86} INFO - Output:
[2026-05-05T11:46:41.142+0000] {subprocess.py:93} INFO - TACHE 2 : Spark Streaming + ALS
[2026-05-05T11:46:41.144+0000] {subprocess.py:93} INFO - Modele  : als_model/
[2026-05-05T11:46:41.145+0000] {subprocess.py:93} INFO - Broker  : host.docker.internal:9092
[2026-05-05T11:46:41.146+0000] {subprocess.py:93} INFO - Sortie  : output/recommendations/
[2026-05-05T11:47:44.837+0000] {subprocess.py:93} INFO - Broker remplace : localhost:9092 -> host.docker.internal:9092
[2026-05-05T11:47:44.840+0000] {subprocess.py:93} INFO - Lancement du streaming (120 secondes)...
[2026-05-05T11:47:46.258+0000] {subprocess.py:93} INFO - Streaming termine.
[2026-05-05T11:47:46.259+0000] {subprocess.py:93} INFO - --- Verification des fichiers generes ---
[2026-05-05T11:47:46.272+0000] {subprocess.py:93} INFO - Fichiers JSON generes : 0
[2026-05-05T11:47:46.272+0000] {subprocess.py:93} INFO - Aucun fichier JSON trouve.
[2026-05-05T11:47:46.273+0000] {subprocess.py:93} INFO - --- Fin du log Spark ---
[2026-05-05T11:47:46.275+0000] {subprocess.py:93} INFO - /home/***/.local/lib/python3.8/site-packages/pyspark/bin/load-spark-env.sh: line 68: ps: command not found
[2026-05-05T11:47:46.276+0000] {subprocess.py:93} INFO - /home/***/.local/lib/python3.8/site-packages/pyspark/bin/spark-class: line 71: /usr/lib/jvm/java-8-openjdk-amd64/bin/java: No such file or directory
[2026-05-05T11:47:46.276+0000] {subprocess.py:93} INFO - /home/***/.local/lib/python3.8/site-packages/pyspark/bin/spark-class: line 97: CMD: bad array subscript
[2026-05-05T11:47:46.277+0000] {subprocess.py:93} INFO - Traceback (most recent call last):
[2026-05-05T11:47:46.278+0000] {subprocess.py:93} INFO -   File "/tmp/etape3_docker.py", line 17, in <module>
[2026-05-05T11:47:46.279+0000] {subprocess.py:93} INFO -     spark = SparkSession.builder \
[2026-05-05T11:47:46.279+0000] {subprocess.py:93} INFO -   File "/home/***/.local/lib/python3.8/site-packages/pyspark/sql/session.py", line 477, in getOrCreate
[2026-05-05T11:47:46.280+0000] {subprocess.py:93} INFO -     sc = SparkContext.getOrCreate(sparkConf)
[2026-05-05T11:47:46.281+0000] {subprocess.py:93} INFO -   File "/home/***/.local/lib/python3.8/site-packages/pyspark/context.py", line 512, in getOrCreate
[2026-05-05T11:47:46.282+0000] {subprocess.py:93} INFO -     SparkContext(conf=conf or SparkConf())
[2026-05-05T11:47:46.283+0000] {subprocess.py:93} INFO -   File "/home/***/.local/lib/python3.8/site-packages/pyspark/context.py", line 198, in __init__
[2026-05-05T11:47:46.283+0000] {subprocess.py:93} INFO -     SparkContext._ensure_initialized(self, gateway=gateway, conf=conf)
[2026-05-05T11:47:46.284+0000] {subprocess.py:93} INFO -   File "/home/***/.local/lib/python3.8/site-packages/pyspark/context.py", line 432, in _ensure_initialized
[2026-05-05T11:47:46.285+0000] {subprocess.py:93} INFO -     SparkContext._gateway = gateway or launch_gateway(conf)
[2026-05-05T11:47:46.286+0000] {subprocess.py:93} INFO -   File "/home/***/.local/lib/python3.8/site-packages/pyspark/java_gateway.py", line 106, in launch_gateway
[2026-05-05T11:47:46.286+0000] {subprocess.py:93} INFO -     raise RuntimeError("Java gateway process exited before sending its port number")
[2026-05-05T11:47:46.287+0000] {subprocess.py:93} INFO - RuntimeError: Java gateway process exited before sending its port number
[2026-05-05T11:47:46.288+0000] {subprocess.py:97} INFO - Command exited with return code 0
[2026-05-05T11:47:46.342+0000] {taskinstance.py:1138} INFO - Marking task as SUCCESS. dag_id=recommendation_pipeline, task_id=generate_recommendations, execution_date=20260505T114617, start_date=20260505T114640, end_date=20260505T114746
[2026-05-05T11:47:46.406+0000] {local_task_job_runner.py:234} INFO - Task exited with return code 0
[2026-05-05T11:47:46.435+0000] {taskinstance.py:3280} INFO - 1 downstream tasks scheduled from follow-on schedule check
