[2026-05-05T11:17:38.304+0000] {taskinstance.py:1956} INFO - Dependencies all met for dep_context=non-requeueable deps ti=<TaskInstance: recommendation_pipeline.generate_recommendations manual__2026-05-05T11:17:15.302424+00:00 [queued]>
[2026-05-05T11:17:38.326+0000] {taskinstance.py:1956} INFO - Dependencies all met for dep_context=requeueable deps ti=<TaskInstance: recommendation_pipeline.generate_recommendations manual__2026-05-05T11:17:15.302424+00:00 [queued]>
[2026-05-05T11:17:38.327+0000] {taskinstance.py:2170} INFO - Starting attempt 1 of 2
[2026-05-05T11:17:38.355+0000] {taskinstance.py:2191} INFO - Executing <Task(BashOperator): generate_recommendations> on 2026-05-05 11:17:15.302424+00:00
[2026-05-05T11:17:38.361+0000] {standard_task_runner.py:60} INFO - Started process 231 to run task
[2026-05-05T11:17:38.365+0000] {standard_task_runner.py:87} INFO - Running: ['***', 'tasks', 'run', 'recommendation_pipeline', 'generate_recommendations', 'manual__2026-05-05T11:17:15.302424+00:00', '--job-id', '7', '--raw', '--subdir', 'DAGS_FOLDER/recommendation_pipeline_dag.py', '--cfg-path', '/tmp/tmp5dw83w1p']
[2026-05-05T11:17:38.368+0000] {standard_task_runner.py:88} INFO - Job 7: Subtask generate_recommendations
[2026-05-05T11:17:38.435+0000] {task_command.py:423} INFO - Running <TaskInstance: recommendation_pipeline.generate_recommendations manual__2026-05-05T11:17:15.302424+00:00 [running]> on host ae7d4869711a
[2026-05-05T11:17:38.561+0000] {taskinstance.py:2480} INFO - Exporting env vars: AIRFLOW_CTX_DAG_OWNER='personne3' AIRFLOW_CTX_DAG_ID='recommendation_pipeline' AIRFLOW_CTX_TASK_ID='generate_recommendations' AIRFLOW_CTX_EXECUTION_DATE='2026-05-05T11:17:15.302424+00:00' AIRFLOW_CTX_TRY_NUMBER='1' AIRFLOW_CTX_DAG_RUN_ID='manual__2026-05-05T11:17:15.302424+00:00'
[2026-05-05T11:17:38.564+0000] {subprocess.py:63} INFO - Tmp dir root location: /tmp
[2026-05-05T11:17:38.568+0000] {subprocess.py:75} INFO - Running command: ['/usr/bin/bash', '-c', '\n        echo "TACHE 2 — Spark Streaming + ALS"\n        echo "Modele  : als_model/"\n        echo "Entree  : topic Kafka reviews_stream"\n        echo "Sortie  : output/recommendations/*.json"\n\n        cd /opt/***/project\n\n        # Java 8 obligatoire (requis par Personne 2)\n        export JAVA_HOME="/usr/lib/jvm/java-8-openjdk-amd64"\n        export PATH="$JAVA_HOME/bin:$PATH"\n        export JAVA_TOOL_OPTIONS=""\n        export PYSPARK_PYTHON="python3"\n\n        echo "Java : $JAVA_HOME"\n\n        pip install pyspark==3.4.0 --quiet 2>/dev/null || true\n\n        mkdir -p output/recommendations\n        mkdir -p checkpoints/streaming\n\n        echo "Lancement du streaming pendant 90 secondes..."\n        timeout 90 python etape3_spark_streaming.py > /tmp/spark_streaming.log 2>&1 || true\n\n        echo "Verification des fichiers generes..."\n        NB=$(find output/recommendations -name "*.json" 2>/dev/null | wc -l)\n        echo "Fichiers JSON generes : $NB"\n\n        if [ "$NB" -gt "0" ]; then\n            echo "Recommandations generees avec succes !"\n            find output/recommendations -name "*.json" | head -2 | while read f; do\n                echo "Fichier : $f"\n                head -2 "$f"\n            done\n        else\n            echo "Aucun fichier JSON — Kafka n a peut-etre pas encore envoye de batch"\n            echo "--- Log Spark (fin) ---"\n            tail -10 /tmp/spark_streaming.log\n        fi\n    ']
[2026-05-05T11:17:38.584+0000] {subprocess.py:86} INFO - Output:
[2026-05-05T11:17:38.588+0000] {subprocess.py:93} INFO - TACHE 2 — Spark Streaming + ALS
[2026-05-05T11:17:38.589+0000] {subprocess.py:93} INFO - Modele  : als_model/
[2026-05-05T11:17:38.590+0000] {subprocess.py:93} INFO - Entree  : topic Kafka reviews_stream
[2026-05-05T11:17:38.591+0000] {subprocess.py:93} INFO - Sortie  : output/recommendations/*.json
[2026-05-05T11:17:38.592+0000] {subprocess.py:93} INFO - Java : /usr/lib/jvm/java-8-openjdk-amd64
[2026-05-05T11:18:55.975+0000] {subprocess.py:93} INFO - Lancement du streaming pendant 90 secondes...
[2026-05-05T11:18:57.800+0000] {subprocess.py:93} INFO - Verification des fichiers generes...
[2026-05-05T11:18:57.822+0000] {subprocess.py:93} INFO - Fichiers JSON generes : 0
[2026-05-05T11:18:57.824+0000] {subprocess.py:93} INFO - Aucun fichier JSON — Kafka n a peut-etre pas encore envoye de batch
[2026-05-05T11:18:57.825+0000] {subprocess.py:93} INFO - --- Log Spark (fin) ---
[2026-05-05T11:18:57.827+0000] {subprocess.py:93} INFO -     sc = SparkContext.getOrCreate(sparkConf)
[2026-05-05T11:18:57.828+0000] {subprocess.py:93} INFO -   File "/home/***/.local/lib/python3.8/site-packages/pyspark/context.py", line 512, in getOrCreate
[2026-05-05T11:18:57.829+0000] {subprocess.py:93} INFO -     SparkContext(conf=conf or SparkConf())
[2026-05-05T11:18:57.830+0000] {subprocess.py:93} INFO -   File "/home/***/.local/lib/python3.8/site-packages/pyspark/context.py", line 198, in __init__
[2026-05-05T11:18:57.831+0000] {subprocess.py:93} INFO -     SparkContext._ensure_initialized(self, gateway=gateway, conf=conf)
[2026-05-05T11:18:57.832+0000] {subprocess.py:93} INFO -   File "/home/***/.local/lib/python3.8/site-packages/pyspark/context.py", line 432, in _ensure_initialized
[2026-05-05T11:18:57.833+0000] {subprocess.py:93} INFO -     SparkContext._gateway = gateway or launch_gateway(conf)
[2026-05-05T11:18:57.834+0000] {subprocess.py:93} INFO -   File "/home/***/.local/lib/python3.8/site-packages/pyspark/java_gateway.py", line 106, in launch_gateway
[2026-05-05T11:18:57.835+0000] {subprocess.py:93} INFO -     raise RuntimeError("Java gateway process exited before sending its port number")
[2026-05-05T11:18:57.836+0000] {subprocess.py:93} INFO - RuntimeError: Java gateway process exited before sending its port number
[2026-05-05T11:18:57.837+0000] {subprocess.py:97} INFO - Command exited with return code 0
[2026-05-05T11:18:57.904+0000] {taskinstance.py:1138} INFO - Marking task as SUCCESS. dag_id=recommendation_pipeline, task_id=generate_recommendations, execution_date=20260505T111715, start_date=20260505T111738, end_date=20260505T111857
[2026-05-05T11:18:57.980+0000] {local_task_job_runner.py:234} INFO - Task exited with return code 0
[2026-05-05T11:18:58.056+0000] {taskinstance.py:3280} INFO - 1 downstream tasks scheduled from follow-on schedule check
