[2026-05-05T12:47:17.209+0000] {taskinstance.py:1956} INFO - Dependencies all met for dep_context=non-requeueable deps ti=<TaskInstance: recommendation_pipeline.generate_recommendations manual__2026-05-05T12:46:54.222498+00:00 [queued]>
[2026-05-05T12:47:17.259+0000] {taskinstance.py:1956} INFO - Dependencies all met for dep_context=requeueable deps ti=<TaskInstance: recommendation_pipeline.generate_recommendations manual__2026-05-05T12:46:54.222498+00:00 [queued]>
[2026-05-05T12:47:17.261+0000] {taskinstance.py:2170} INFO - Starting attempt 1 of 2
[2026-05-05T12:47:17.350+0000] {taskinstance.py:2191} INFO - Executing <Task(BashOperator): generate_recommendations> on 2026-05-05 12:46:54.222498+00:00
[2026-05-05T12:47:17.367+0000] {standard_task_runner.py:60} INFO - Started process 238 to run task
[2026-05-05T12:47:17.384+0000] {standard_task_runner.py:87} INFO - Running: ['***', 'tasks', 'run', 'recommendation_pipeline', 'generate_recommendations', 'manual__2026-05-05T12:46:54.222498+00:00', '--job-id', '20', '--raw', '--subdir', 'DAGS_FOLDER/recommendation_pipeline_dag.py', '--cfg-path', '/tmp/tmprnvvo3z8']
[2026-05-05T12:47:17.396+0000] {standard_task_runner.py:88} INFO - Job 20: Subtask generate_recommendations
[2026-05-05T12:47:17.616+0000] {task_command.py:423} INFO - Running <TaskInstance: recommendation_pipeline.generate_recommendations manual__2026-05-05T12:46:54.222498+00:00 [running]> on host 2946274425f0
[2026-05-05T12:47:17.964+0000] {taskinstance.py:2480} INFO - Exporting env vars: AIRFLOW_CTX_DAG_OWNER='personne3' AIRFLOW_CTX_DAG_ID='recommendation_pipeline' AIRFLOW_CTX_TASK_ID='generate_recommendations' AIRFLOW_CTX_EXECUTION_DATE='2026-05-05T12:46:54.222498+00:00' AIRFLOW_CTX_TRY_NUMBER='1' AIRFLOW_CTX_DAG_RUN_ID='manual__2026-05-05T12:46:54.222498+00:00'
[2026-05-05T12:47:17.972+0000] {subprocess.py:63} INFO - Tmp dir root location: /tmp
[2026-05-05T12:47:17.980+0000] {subprocess.py:75} INFO - Running command: ['/usr/bin/bash', '-c', '\n        echo "TACHE 2 : Spark Streaming + ALS"\n        echo "Modele  : als_model/"\n        echo "Broker  : host.docker.internal:9092"\n        echo "Sortie  : output/recommendations/"\n\n        cd /opt/***/project\n\n        # Java 8 (obligatoire pour Spark)\n        export JAVA_HOME="/usr/lib/jvm/java-8-openjdk-amd64"\n        export PATH="$JAVA_HOME/bin:$PATH"\n        export JAVA_TOOL_OPTIONS=""\n        export PYSPARK_PYTHON="python3"\n\n        pip install pyspark==3.4.0 --quiet 2>/dev/null || true\n\n        mkdir -p output/recommendations\n        mkdir -p checkpoints/streaming\n\n        # Creer une version modifiee de etape3 avec le bon broker\n        sed \'s/localhost:9092/host.docker.internal:9092/g\' etape3_spark_streaming.py > /tmp/etape3_docker.py\n\n        echo "Broker remplace : localhost:9092 -> host.docker.internal:9092"\n        echo "Lancement du streaming (120 secondes)..."\n\n        timeout 120 python3 /tmp/etape3_docker.py > /tmp/spark_streaming.log 2>&1 || true\n\n        echo "Streaming termine."\n        echo "--- Verification des fichiers generes ---"\n        NB=$(find output/recommendations -name "*.json" 2>/dev/null | wc -l)\n        echo "Fichiers JSON generes : $NB"\n\n        if [ "$NB" -gt "0" ]; then\n            echo "Recommandations generees avec succes !"\n            find output/recommendations -name "*.json" | head -2 | while read f; do\n                echo "Fichier : $f"\n                head -3 "$f"\n            done\n        else\n            echo "Aucun fichier JSON trouve."\n            echo "--- Fin du log Spark ---"\n            tail -20 /tmp/spark_streaming.log\n        fi\n    ']
[2026-05-05T12:47:18.026+0000] {subprocess.py:86} INFO - Output:
[2026-05-05T12:47:18.039+0000] {subprocess.py:93} INFO - TACHE 2 : Spark Streaming + ALS
[2026-05-05T12:47:18.042+0000] {subprocess.py:93} INFO - Modele  : als_model/
[2026-05-05T12:47:18.045+0000] {subprocess.py:93} INFO - Broker  : host.docker.internal:9092
[2026-05-05T12:47:18.049+0000] {subprocess.py:93} INFO - Sortie  : output/recommendations/
[2026-05-05T12:47:27.084+0000] {subprocess.py:93} INFO - Broker remplace : localhost:9092 -> host.docker.internal:9092
[2026-05-05T12:47:27.085+0000] {subprocess.py:93} INFO - Lancement du streaming (120 secondes)...
[2026-05-05T12:47:28.377+0000] {subprocess.py:93} INFO - Streaming termine.
[2026-05-05T12:47:28.379+0000] {subprocess.py:93} INFO - --- Verification des fichiers generes ---
[2026-05-05T12:47:28.409+0000] {subprocess.py:93} INFO - Fichiers JSON generes : 0
[2026-05-05T12:47:28.411+0000] {subprocess.py:93} INFO - Aucun fichier JSON trouve.
[2026-05-05T12:47:28.412+0000] {subprocess.py:93} INFO - --- Fin du log Spark ---
[2026-05-05T12:47:28.416+0000] {subprocess.py:93} INFO - /home/***/.local/lib/python3.8/site-packages/pyspark/bin/load-spark-env.sh: line 68: ps: command not found
[2026-05-05T12:47:28.418+0000] {subprocess.py:93} INFO - /home/***/.local/lib/python3.8/site-packages/pyspark/bin/spark-class: line 71: /usr/lib/jvm/java-8-openjdk-amd64/bin/java: No such file or directory
[2026-05-05T12:47:28.419+0000] {subprocess.py:93} INFO - /home/***/.local/lib/python3.8/site-packages/pyspark/bin/spark-class: line 97: CMD: bad array subscript
[2026-05-05T12:47:28.421+0000] {subprocess.py:93} INFO - Traceback (most recent call last):
[2026-05-05T12:47:28.423+0000] {subprocess.py:93} INFO -   File "/tmp/etape3_docker.py", line 17, in <module>
[2026-05-05T12:47:28.424+0000] {subprocess.py:93} INFO -     spark = SparkSession.builder \
[2026-05-05T12:47:28.426+0000] {subprocess.py:93} INFO -   File "/home/***/.local/lib/python3.8/site-packages/pyspark/sql/session.py", line 477, in getOrCreate
[2026-05-05T12:47:28.427+0000] {subprocess.py:93} INFO -     sc = SparkContext.getOrCreate(sparkConf)
[2026-05-05T12:47:28.429+0000] {subprocess.py:93} INFO -   File "/home/***/.local/lib/python3.8/site-packages/pyspark/context.py", line 512, in getOrCreate
[2026-05-05T12:47:28.431+0000] {subprocess.py:93} INFO -     SparkContext(conf=conf or SparkConf())
[2026-05-05T12:47:28.432+0000] {subprocess.py:93} INFO -   File "/home/***/.local/lib/python3.8/site-packages/pyspark/context.py", line 198, in __init__
[2026-05-05T12:47:28.433+0000] {subprocess.py:93} INFO -     SparkContext._ensure_initialized(self, gateway=gateway, conf=conf)
[2026-05-05T12:47:28.435+0000] {subprocess.py:93} INFO -   File "/home/***/.local/lib/python3.8/site-packages/pyspark/context.py", line 432, in _ensure_initialized
[2026-05-05T12:47:28.437+0000] {subprocess.py:93} INFO -     SparkContext._gateway = gateway or launch_gateway(conf)
[2026-05-05T12:47:28.438+0000] {subprocess.py:93} INFO -   File "/home/***/.local/lib/python3.8/site-packages/pyspark/java_gateway.py", line 106, in launch_gateway
[2026-05-05T12:47:28.439+0000] {subprocess.py:93} INFO -     raise RuntimeError("Java gateway process exited before sending its port number")
[2026-05-05T12:47:28.441+0000] {subprocess.py:93} INFO - RuntimeError: Java gateway process exited before sending its port number
[2026-05-05T12:47:28.443+0000] {subprocess.py:97} INFO - Command exited with return code 0
[2026-05-05T12:47:28.521+0000] {taskinstance.py:1138} INFO - Marking task as SUCCESS. dag_id=recommendation_pipeline, task_id=generate_recommendations, execution_date=20260505T124654, start_date=20260505T124717, end_date=20260505T124728
[2026-05-05T12:47:28.608+0000] {local_task_job_runner.py:234} INFO - Task exited with return code 0
[2026-05-05T12:47:28.663+0000] {taskinstance.py:3280} INFO - 1 downstream tasks scheduled from follow-on schedule check
