[2026-05-05T22:02:45.148+0000] {taskinstance.py:1956} INFO - Dependencies all met for dep_context=non-requeueable deps ti=<TaskInstance: recommendation_pipeline.start_kafka_producer manual__2026-05-05T22:00:23.484746+00:00 [queued]>
[2026-05-05T22:02:45.156+0000] {taskinstance.py:1956} INFO - Dependencies all met for dep_context=requeueable deps ti=<TaskInstance: recommendation_pipeline.start_kafka_producer manual__2026-05-05T22:00:23.484746+00:00 [queued]>
[2026-05-05T22:02:45.157+0000] {taskinstance.py:2170} INFO - Starting attempt 2 of 2
[2026-05-05T22:02:45.172+0000] {taskinstance.py:2191} INFO - Executing <Task(BashOperator): start_kafka_producer> on 2026-05-05 22:00:23.484746+00:00
[2026-05-05T22:02:45.178+0000] {standard_task_runner.py:60} INFO - Started process 341 to run task
[2026-05-05T22:02:45.181+0000] {standard_task_runner.py:87} INFO - Running: ['***', 'tasks', 'run', 'recommendation_pipeline', 'start_kafka_producer', 'manual__2026-05-05T22:00:23.484746+00:00', '--job-id', '70', '--raw', '--subdir', 'DAGS_FOLDER/recommendation_pipeline_dag.py', '--cfg-path', '/tmp/tmpkdgl6zok']
[2026-05-05T22:02:45.183+0000] {standard_task_runner.py:88} INFO - Job 70: Subtask start_kafka_producer
[2026-05-05T22:02:45.233+0000] {task_command.py:423} INFO - Running <TaskInstance: recommendation_pipeline.start_kafka_producer manual__2026-05-05T22:00:23.484746+00:00 [running]> on host 54f34fcc45b9
[2026-05-05T22:02:45.316+0000] {taskinstance.py:2480} INFO - Exporting env vars: AIRFLOW_CTX_DAG_OWNER='personne3' AIRFLOW_CTX_DAG_ID='recommendation_pipeline' AIRFLOW_CTX_TASK_ID='start_kafka_producer' AIRFLOW_CTX_EXECUTION_DATE='2026-05-05T22:00:23.484746+00:00' AIRFLOW_CTX_TRY_NUMBER='2' AIRFLOW_CTX_DAG_RUN_ID='manual__2026-05-05T22:00:23.484746+00:00'
[2026-05-05T22:02:45.317+0000] {subprocess.py:63} INFO - Tmp dir root location: /tmp
[2026-05-05T22:02:45.318+0000] {subprocess.py:75} INFO - Running command: ['/usr/bin/bash', '-c', '\n        echo "TACHE 1 : Demarrage Kafka Producer"\n        echo "Broker : kafka:9093"\n\n        cd /opt/***/project\n        pip install kafka-python pandas --quiet 2>/dev/null || true\n\n        if [ ! -f "data/Reviews.csv" ]; then\n            echo "ERREUR : data/Reviews.csv introuvable"\n            exit 1\n        fi\n        echo "Dataset OK."\n\n        echo "Lancement du producer en arriere-plan..."\n        KAFKA_BROKER=kafka:9093 nohup python3 /tmp/run_producer.py             > /tmp/kafka_producer.log 2>&1 &\n        PRODUCER_PID=$!\n        echo $PRODUCER_PID > /tmp/kafka_producer.pid\n        echo "Producer lance (PID: $PRODUCER_PID)"\n\n        sleep 15\n\n        if kill -0 $PRODUCER_PID 2>/dev/null; then\n            echo "Producer actif !"\n            cat /tmp/kafka_producer.log\n        else\n            echo "ERREUR : Le producer s est arrete"\n            cat /tmp/kafka_producer.log\n            exit 1\n        fi\n    ']
[2026-05-05T22:02:45.329+0000] {subprocess.py:86} INFO - Output:
[2026-05-05T22:02:45.330+0000] {subprocess.py:93} INFO - TACHE 1 : Demarrage Kafka Producer
[2026-05-05T22:02:45.331+0000] {subprocess.py:93} INFO - Broker : kafka:9093
[2026-05-05T22:02:48.266+0000] {subprocess.py:93} INFO - Dataset OK.
[2026-05-05T22:02:48.270+0000] {subprocess.py:93} INFO - Lancement du producer en arriere-plan...
[2026-05-05T22:02:48.270+0000] {subprocess.py:93} INFO - Producer lance (PID: 361)
[2026-05-05T22:03:03.271+0000] {subprocess.py:93} INFO - ERREUR : Le producer s est arrete
[2026-05-05T22:03:03.274+0000] {subprocess.py:93} INFO - Connexion a Kafka : kafka:9093
[2026-05-05T22:03:03.275+0000] {subprocess.py:93} INFO - Traceback (most recent call last):
[2026-05-05T22:03:03.276+0000] {subprocess.py:93} INFO -   File "/tmp/run_producer.py", line 11, in <module>
[2026-05-05T22:03:03.276+0000] {subprocess.py:93} INFO -     producer = KafkaProducer(
[2026-05-05T22:03:03.277+0000] {subprocess.py:93} INFO -   File "/home/***/.local/lib/python3.8/site-packages/kafka/producer/kafka.py", line 485, in __init__
[2026-05-05T22:03:03.278+0000] {subprocess.py:93} INFO -     client = self.config['kafka_client'](
[2026-05-05T22:03:03.278+0000] {subprocess.py:93} INFO -   File "/home/***/.local/lib/python3.8/site-packages/kafka/client_async.py", line 262, in __init__
[2026-05-05T22:03:03.279+0000] {subprocess.py:93} INFO -     self.config['api_version'] = self.check_version()
[2026-05-05T22:03:03.279+0000] {subprocess.py:93} INFO -   File "/home/***/.local/lib/python3.8/site-packages/kafka/client_async.py", line 1076, in check_version
[2026-05-05T22:03:03.280+0000] {subprocess.py:93} INFO -     raise Errors.NoBrokersAvailable()
[2026-05-05T22:03:03.281+0000] {subprocess.py:93} INFO - kafka.errors.NoBrokersAvailable: NoBrokersAvailable
[2026-05-05T22:03:03.281+0000] {subprocess.py:97} INFO - Command exited with return code 1
[2026-05-05T22:03:03.298+0000] {taskinstance.py:2698} ERROR - Task failed with exception
Traceback (most recent call last):
  File "/home/airflow/.local/lib/python3.8/site-packages/airflow/models/taskinstance.py", line 433, in _execute_task
    result = execute_callable(context=context, **execute_callable_kwargs)
  File "/home/airflow/.local/lib/python3.8/site-packages/airflow/operators/bash.py", line 212, in execute
    raise AirflowException(
airflow.exceptions.AirflowException: Bash command failed. The command returned a non-zero exit code 1.
[2026-05-05T22:03:03.307+0000] {taskinstance.py:1138} INFO - Marking task as FAILED. dag_id=recommendation_pipeline, task_id=start_kafka_producer, execution_date=20260505T220023, start_date=20260505T220245, end_date=20260505T220303
[2026-05-05T22:03:03.338+0000] {standard_task_runner.py:107} ERROR - Failed to execute job 70 for task start_kafka_producer (Bash command failed. The command returned a non-zero exit code 1.; 341)
[2026-05-05T22:03:03.367+0000] {local_task_job_runner.py:234} INFO - Task exited with return code 1
[2026-05-05T22:03:03.394+0000] {taskinstance.py:3280} INFO - 0 downstream tasks scheduled from follow-on schedule check
