[2026-05-05T11:18:56.194+0000] {taskinstance.py:1956} INFO - Dependencies all met for dep_context=non-requeueable deps ti=<TaskInstance: recommendation_pipeline.monitoring_pipeline manual__2026-05-05T11:17:15.302424+00:00 [queued]>
[2026-05-05T11:18:56.216+0000] {taskinstance.py:1956} INFO - Dependencies all met for dep_context=requeueable deps ti=<TaskInstance: recommendation_pipeline.monitoring_pipeline manual__2026-05-05T11:17:15.302424+00:00 [queued]>
[2026-05-05T11:18:56.218+0000] {taskinstance.py:2170} INFO - Starting attempt 1 of 2
[2026-05-05T11:18:56.254+0000] {taskinstance.py:2191} INFO - Executing <Task(PythonOperator): monitoring_pipeline> on 2026-05-05 11:17:15.302424+00:00
[2026-05-05T11:18:56.262+0000] {standard_task_runner.py:60} INFO - Started process 302 to run task
[2026-05-05T11:18:56.270+0000] {standard_task_runner.py:87} INFO - Running: ['***', 'tasks', 'run', 'recommendation_pipeline', 'monitoring_pipeline', 'manual__2026-05-05T11:17:15.302424+00:00', '--job-id', '8', '--raw', '--subdir', 'DAGS_FOLDER/recommendation_pipeline_dag.py', '--cfg-path', '/tmp/tmp4mdcqtbk']
[2026-05-05T11:18:56.274+0000] {standard_task_runner.py:88} INFO - Job 8: Subtask monitoring_pipeline
[2026-05-05T11:18:56.384+0000] {task_command.py:423} INFO - Running <TaskInstance: recommendation_pipeline.monitoring_pipeline manual__2026-05-05T11:17:15.302424+00:00 [running]> on host ae7d4869711a
[2026-05-05T11:18:56.574+0000] {taskinstance.py:2480} INFO - Exporting env vars: AIRFLOW_CTX_DAG_OWNER='personne3' AIRFLOW_CTX_DAG_ID='recommendation_pipeline' AIRFLOW_CTX_TASK_ID='monitoring_pipeline' AIRFLOW_CTX_EXECUTION_DATE='2026-05-05T11:17:15.302424+00:00' AIRFLOW_CTX_TRY_NUMBER='1' AIRFLOW_CTX_DAG_RUN_ID='manual__2026-05-05T11:17:15.302424+00:00'
[2026-05-05T11:18:56.577+0000] {logging_mixin.py:188} INFO - ============================================================
[2026-05-05T11:18:56.579+0000] {logging_mixin.py:188} INFO - TACHE 3 — MONITORING DU PIPELINE
[2026-05-05T11:18:56.580+0000] {logging_mixin.py:188} INFO - ============================================================
[2026-05-05T11:18:56.603+0000] {logging_mixin.py:188} INFO - 
Fichiers de recommandations : 0
[2026-05-05T11:18:56.604+0000] {logging_mixin.py:188} INFO - Aucune recommandation trouvee dans output/recommendations/
[2026-05-05T11:18:56.605+0000] {logging_mixin.py:188} INFO - 
PERFORMANCE DU MODELE ALS :
[2026-05-05T11:18:56.607+0000] {logging_mixin.py:188} INFO -   Algorithme       : ALS (filtrage collaboratif)
[2026-05-05T11:18:56.608+0000] {logging_mixin.py:188} INFO -   RMSE validation  : 0.8114
[2026-05-05T11:18:56.609+0000] {logging_mixin.py:188} INFO -   RMSE test final  : 0.8334  (10% donnees non vues)
[2026-05-05T11:18:56.610+0000] {logging_mixin.py:188} INFO -   Config optimale  : rank=20, regParam=0.2, maxIter=15
[2026-05-05T11:18:56.633+0000] {logging_mixin.py:188} INFO - 
Rapport sauvegarde -> output/rapport_monitoring.json
[2026-05-05T11:18:56.634+0000] {logging_mixin.py:188} INFO - 
STATUT FINAL : AVERTISSEMENT
[2026-05-05T11:18:56.635+0000] {python.py:201} INFO - Done. Returned value was: None
[2026-05-05T11:18:56.651+0000] {taskinstance.py:1138} INFO - Marking task as SUCCESS. dag_id=recommendation_pipeline, task_id=monitoring_pipeline, execution_date=20260505T111715, start_date=20260505T111856, end_date=20260505T111856
[2026-05-05T11:18:56.735+0000] {local_task_job_runner.py:234} INFO - Task exited with return code 0
[2026-05-05T11:18:56.769+0000] {taskinstance.py:3280} INFO - 0 downstream tasks scheduled from follow-on schedule check
