[2026-05-05T16:26:26.827+0000] {taskinstance.py:1956} INFO - Dependencies all met for dep_context=non-requeueable deps ti=<TaskInstance: recommendation_pipeline.start_kafka_producer manual__2026-05-05T16:26:24.727590+00:00 [queued]>
[2026-05-05T16:26:26.836+0000] {taskinstance.py:1956} INFO - Dependencies all met for dep_context=requeueable deps ti=<TaskInstance: recommendation_pipeline.start_kafka_producer manual__2026-05-05T16:26:24.727590+00:00 [queued]>
[2026-05-05T16:26:26.837+0000] {taskinstance.py:2170} INFO - Starting attempt 1 of 2
[2026-05-05T16:26:26.860+0000] {taskinstance.py:2191} INFO - Executing <Task(BashOperator): start_kafka_producer> on 2026-05-05 16:26:24.727590+00:00
[2026-05-05T16:26:26.864+0000] {standard_task_runner.py:60} INFO - Started process 755 to run task
[2026-05-05T16:26:26.867+0000] {standard_task_runner.py:87} INFO - Running: ['***', 'tasks', 'run', 'recommendation_pipeline', 'start_kafka_producer', 'manual__2026-05-05T16:26:24.727590+00:00', '--job-id', '29', '--raw', '--subdir', 'DAGS_FOLDER/recommendation_pipeline_dag.py', '--cfg-path', '/tmp/tmpqzm2us7j']
[2026-05-05T16:26:26.870+0000] {standard_task_runner.py:88} INFO - Job 29: Subtask start_kafka_producer
[2026-05-05T16:26:26.918+0000] {task_command.py:423} INFO - Running <TaskInstance: recommendation_pipeline.start_kafka_producer manual__2026-05-05T16:26:24.727590+00:00 [running]> on host 251a3406cd93
[2026-05-05T16:26:27.026+0000] {taskinstance.py:2480} INFO - Exporting env vars: AIRFLOW_CTX_DAG_OWNER='personne3' AIRFLOW_CTX_DAG_ID='recommendation_pipeline' AIRFLOW_CTX_TASK_ID='start_kafka_producer' AIRFLOW_CTX_EXECUTION_DATE='2026-05-05T16:26:24.727590+00:00' AIRFLOW_CTX_TRY_NUMBER='1' AIRFLOW_CTX_DAG_RUN_ID='manual__2026-05-05T16:26:24.727590+00:00'
[2026-05-05T16:26:27.031+0000] {subprocess.py:63} INFO - Tmp dir root location: /tmp
[2026-05-05T16:26:27.034+0000] {subprocess.py:75} INFO - Running command: ['/usr/bin/bash', '-c', '\n        echo "TACHE 1 : Demarrage Kafka Producer"\n\n        # Resoudre l\'IP du conteneur kafka (réseau Docker)\n        KAFKA_IP=$(getent hosts kafka 2>/dev/null | awk \'{print $1}\')\n        if [ -z "$KAFKA_IP" ]; then\n            KAFKA_IP="host.docker.internal"\n        fi\n        KAFKA_BROKER="${KAFKA_IP}:9092"\n        echo "Broker resolu : $KAFKA_BROKER"\n\n        cd /opt/***/project\n\n        pip install kafka-python pandas --quiet 2>/dev/null || true\n\n        if [ ! -f "data/Reviews.csv" ]; then\n            echo "ERREUR : data/Reviews.csv introuvable"\n            exit 1\n        fi\n        echo "Dataset OK."\n\n        cat > /tmp/run_producer.py << PYEOF\nimport json\nimport time\nimport pandas as pd\nimport sys\nimport os\n\nfrom kafka import KafkaProducer\n\nKAFKA_BROKER = os.environ.get(\'KAFKA_BROKER\', \'host.docker.internal:9092\')\nTOPIC_NAME   = \'reviews_stream\'\nCSV_PATH     = \'/opt/***/project/data/Reviews.csv\'\nDELAY        = 0.05\n\nprint(f"Connexion a Kafka : {KAFKA_BROKER}")\nproducer = KafkaProducer(\n    bootstrap_servers=KAFKA_BROKER,\n    value_serializer=lambda v: json.dumps(v).encode(\'utf-8\'),\n    retries=5,\n    request_timeout_ms=30000,\n    api_version_auto_timeout_ms=30000,\n)\nprint("Connecte a Kafka !")\n\nprint("Chargement du dataset...")\ndf = pd.read_csv(CSV_PATH, usecols=[\'UserId\', \'ProductId\', \'Score\', \'Time\']).dropna()\nprint(f"Dataset charge : {len(df)} avis")\n\nprint(f"Demarrage du stream vers \'{TOPIC_NAME}\'...")\nfor index, row in df.iterrows():\n    message = {\n        \'UserId\':    str(row[\'UserId\']),\n        \'ProductId\': str(row[\'ProductId\']),\n        \'Score\':     float(row[\'Score\']),\n        \'Time\':      int(row[\'Time\'])\n    }\n    producer.send(TOPIC_NAME, value=message)\n    if index % 500 == 0:\n        print(f"  Message #{index} envoye")\n    time.sleep(DELAY)\n\nproducer.flush()\nprint("Tous les messages envoyes.")\nPYEOF\n\n        echo "Lancement du producer en arriere-plan..."\n        KAFKA_BROKER=$KAFKA_BROKER nohup python3 /tmp/run_producer.py > /tmp/kafka_producer.log 2>&1 &\n        PRODUCER_PID=$!\n        echo $PRODUCER_PID > /tmp/kafka_producer.pid\n        echo "Producer lance (PID: $PRODUCER_PID)"\n\n        sleep 15\n\n        if kill -0 $PRODUCER_PID 2>/dev/null; then\n            echo "Producer actif - messages en cours d envoi"\n            echo "--- Log producer ---"\n            cat /tmp/kafka_producer.log\n        else\n            echo "ERREUR : Le producer s est arrete"\n            cat /tmp/kafka_producer.log\n            exit 1\n        fi\n    ']
[2026-05-05T16:26:27.053+0000] {subprocess.py:86} INFO - Output:
[2026-05-05T16:26:27.060+0000] {subprocess.py:93} INFO - TACHE 1 : Demarrage Kafka Producer
[2026-05-05T16:26:27.071+0000] {subprocess.py:93} INFO - Broker resolu : 172.21.0.5:9092
[2026-05-05T16:26:32.581+0000] {subprocess.py:93} INFO - Dataset OK.
[2026-05-05T16:26:32.584+0000] {subprocess.py:93} INFO - Lancement du producer en arriere-plan...
[2026-05-05T16:26:32.585+0000] {subprocess.py:93} INFO - Producer lance (PID: 779)
[2026-05-05T16:26:45.285+0000] {subprocess.py:93} INFO - Producer actif - messages en cours d envoi
[2026-05-05T16:26:45.286+0000] {subprocess.py:93} INFO - --- Log producer ---
[2026-05-05T16:26:45.289+0000] {subprocess.py:97} INFO - Command exited with return code 0
[2026-05-05T16:26:45.322+0000] {taskinstance.py:1138} INFO - Marking task as SUCCESS. dag_id=recommendation_pipeline, task_id=start_kafka_producer, execution_date=20260505T162624, start_date=20260505T162626, end_date=20260505T162645
[2026-05-05T16:26:47.002+0000] {local_task_job_runner.py:234} INFO - Task exited with return code 0
[2026-05-05T16:26:47.034+0000] {taskinstance.py:3280} INFO - 0 downstream tasks scheduled from follow-on schedule check
